Archive member included to satisfy reference by file (symbol)

c:/st/stm32cubeide_1.4.0/stm32cubeide/plugins/com.st.stm32cube.ide.mcu.externaltools.gnu-tools-for-stm32.7-2018-q2-update.win32_1.4.0.202007081208/tools/bin/../lib/gcc/arm-none-eabi/7.3.1/../../../../arm-none-eabi/lib/thumb/v7-m\libc_nano.a(lib_a-errno.o)
                              Src/syscalls.o (__errno)
c:/st/stm32cubeide_1.4.0/stm32cubeide/plugins/com.st.stm32cube.ide.mcu.externaltools.gnu-tools-for-stm32.7-2018-q2-update.win32_1.4.0.202007081208/tools/bin/../lib/gcc/arm-none-eabi/7.3.1/../../../../arm-none-eabi/lib/thumb/v7-m\libc_nano.a(lib_a-exit.o)
                              c:/st/stm32cubeide_1.4.0/stm32cubeide/plugins/com.st.stm32cube.ide.mcu.externaltools.gnu-tools-for-stm32.7-2018-q2-update.win32_1.4.0.202007081208/tools/bin/../lib/gcc/arm-none-eabi/7.3.1/../../../../arm-none-eabi/lib/thumb/v7-m/crt0.o (exit)
c:/st/stm32cubeide_1.4.0/stm32cubeide/plugins/com.st.stm32cube.ide.mcu.externaltools.gnu-tools-for-stm32.7-2018-q2-update.win32_1.4.0.202007081208/tools/bin/../lib/gcc/arm-none-eabi/7.3.1/../../../../arm-none-eabi/lib/thumb/v7-m\libc_nano.a(lib_a-impure.o)
                              c:/st/stm32cubeide_1.4.0/stm32cubeide/plugins/com.st.stm32cube.ide.mcu.externaltools.gnu-tools-for-stm32.7-2018-q2-update.win32_1.4.0.202007081208/tools/bin/../lib/gcc/arm-none-eabi/7.3.1/../../../../arm-none-eabi/lib/thumb/v7-m\libc_nano.a(lib_a-exit.o) (_global_impure_ptr)
c:/st/stm32cubeide_1.4.0/stm32cubeide/plugins/com.st.stm32cube.ide.mcu.externaltools.gnu-tools-for-stm32.7-2018-q2-update.win32_1.4.0.202007081208/tools/bin/../lib/gcc/arm-none-eabi/7.3.1/../../../../arm-none-eabi/lib/thumb/v7-m\libc_nano.a(lib_a-init.o)
                              c:/st/stm32cubeide_1.4.0/stm32cubeide/plugins/com.st.stm32cube.ide.mcu.externaltools.gnu-tools-for-stm32.7-2018-q2-update.win32_1.4.0.202007081208/tools/bin/../lib/gcc/arm-none-eabi/7.3.1/../../../../arm-none-eabi/lib/thumb/v7-m/crt0.o (__libc_init_array)
c:/st/stm32cubeide_1.4.0/stm32cubeide/plugins/com.st.stm32cube.ide.mcu.externaltools.gnu-tools-for-stm32.7-2018-q2-update.win32_1.4.0.202007081208/tools/bin/../lib/gcc/arm-none-eabi/7.3.1/../../../../arm-none-eabi/lib/thumb/v7-m\libc_nano.a(lib_a-memset.o)
                              c:/st/stm32cubeide_1.4.0/stm32cubeide/plugins/com.st.stm32cube.ide.mcu.externaltools.gnu-tools-for-stm32.7-2018-q2-update.win32_1.4.0.202007081208/tools/bin/../lib/gcc/arm-none-eabi/7.3.1/../../../../arm-none-eabi/lib/thumb/v7-m/crt0.o (memset)

Allocating common symbols
Common symbol       size              file

ReadDoorSensor_PP_SRI_DoorState
                    0x1               AUTOSAR_implementation/RTE_gen/Rte_DoorLock_indication_SWC.o
DoorLock_indication_RP_SR_DOORState_DoorState
                    0x1               AUTOSAR_implementation/RTE_gen/Rte_DoorLock_indication_SWC.o

Discarded input sections

 .text          0x0000000000000000        0x0 c:/st/stm32cubeide_1.4.0/stm32cubeide/plugins/com.st.stm32cube.ide.mcu.externaltools.gnu-tools-for-stm32.7-2018-q2-update.win32_1.4.0.202007081208/tools/bin/../lib/gcc/arm-none-eabi/7.3.1/thumb/v7-m/crti.o
 .data          0x0000000000000000        0x0 c:/st/stm32cubeide_1.4.0/stm32cubeide/plugins/com.st.stm32cube.ide.mcu.externaltools.gnu-tools-for-stm32.7-2018-q2-update.win32_1.4.0.202007081208/tools/bin/../lib/gcc/arm-none-eabi/7.3.1/thumb/v7-m/crti.o
 .bss           0x0000000000000000        0x0 c:/st/stm32cubeide_1.4.0/stm32cubeide/plugins/com.st.stm32cube.ide.mcu.externaltools.gnu-tools-for-stm32.7-2018-q2-update.win32_1.4.0.202007081208/tools/bin/../lib/gcc/arm-none-eabi/7.3.1/thumb/v7-m/crti.o
 .data          0x0000000000000000        0x4 c:/st/stm32cubeide_1.4.0/stm32cubeide/plugins/com.st.stm32cube.ide.mcu.externaltools.gnu-tools-for-stm32.7-2018-q2-update.win32_1.4.0.202007081208/tools/bin/../lib/gcc/arm-none-eabi/7.3.1/thumb/v7-m/crtbegin.o
 .text          0x0000000000000000       0x74 c:/st/stm32cubeide_1.4.0/stm32cubeide/plugins/com.st.stm32cube.ide.mcu.externaltools.gnu-tools-for-stm32.7-2018-q2-update.win32_1.4.0.202007081208/tools/bin/../lib/gcc/arm-none-eabi/7.3.1/../../../../arm-none-eabi/lib/thumb/v7-m/crt0.o
 .data          0x0000000000000000        0x0 c:/st/stm32cubeide_1.4.0/stm32cubeide/plugins/com.st.stm32cube.ide.mcu.externaltools.gnu-tools-for-stm32.7-2018-q2-update.win32_1.4.0.202007081208/tools/bin/../lib/gcc/arm-none-eabi/7.3.1/../../../../arm-none-eabi/lib/thumb/v7-m/crt0.o
 .bss           0x0000000000000000        0x0 c:/st/stm32cubeide_1.4.0/stm32cubeide/plugins/com.st.stm32cube.ide.mcu.externaltools.gnu-tools-for-stm32.7-2018-q2-update.win32_1.4.0.202007081208/tools/bin/../lib/gcc/arm-none-eabi/7.3.1/../../../../arm-none-eabi/lib/thumb/v7-m/crt0.o
 .ARM.extab     0x0000000000000000        0x0 c:/st/stm32cubeide_1.4.0/stm32cubeide/plugins/com.st.stm32cube.ide.mcu.externaltools.gnu-tools-for-stm32.7-2018-q2-update.win32_1.4.0.202007081208/tools/bin/../lib/gcc/arm-none-eabi/7.3.1/../../../../arm-none-eabi/lib/thumb/v7-m/crt0.o
 .ARM.exidx     0x0000000000000000        0x8 c:/st/stm32cubeide_1.4.0/stm32cubeide/plugins/com.st.stm32cube.ide.mcu.externaltools.gnu-tools-for-stm32.7-2018-q2-update.win32_1.4.0.202007081208/tools/bin/../lib/gcc/arm-none-eabi/7.3.1/../../../../arm-none-eabi/lib/thumb/v7-m/crt0.o
 .ARM.attributes
                0x0000000000000000       0x1b c:/st/stm32cubeide_1.4.0/stm32cubeide/plugins/com.st.stm32cube.ide.mcu.externaltools.gnu-tools-for-stm32.7-2018-q2-update.win32_1.4.0.202007081208/tools/bin/../lib/gcc/arm-none-eabi/7.3.1/../../../../arm-none-eabi/lib/thumb/v7-m/crt0.o
 .group         0x0000000000000000        0xc AUTOSAR_implementation/DoorLock_indication_SWC.o
 .group         0x0000000000000000        0xc AUTOSAR_implementation/DoorLock_indication_SWC.o
 .group         0x0000000000000000        0xc AUTOSAR_implementation/DoorLock_indication_SWC.o
 .group         0x0000000000000000        0xc AUTOSAR_implementation/DoorLock_indication_SWC.o
 .group         0x0000000000000000        0xc AUTOSAR_implementation/DoorLock_indication_SWC.o
 .group         0x0000000000000000        0xc AUTOSAR_implementation/DoorLock_indication_SWC.o
 .group         0x0000000000000000        0xc AUTOSAR_implementation/DoorLock_indication_SWC.o
 .group         0x0000000000000000        0xc AUTOSAR_implementation/DoorLock_indication_SWC.o
 .group         0x0000000000000000        0xc AUTOSAR_implementation/DoorLock_indication_SWC.o
 .group         0x0000000000000000        0xc AUTOSAR_implementation/DoorLock_indication_SWC.o
 .group         0x0000000000000000        0xc AUTOSAR_implementation/DoorLock_indication_SWC.o
 .group         0x0000000000000000        0xc AUTOSAR_implementation/DoorLock_indication_SWC.o
 .group         0x0000000000000000        0xc AUTOSAR_implementation/DoorLock_indication_SWC.o
 .text          0x0000000000000000        0x0 AUTOSAR_implementation/DoorLock_indication_SWC.o
 .data          0x0000000000000000        0x0 AUTOSAR_implementation/DoorLock_indication_SWC.o
 .bss           0x0000000000000000        0x0 AUTOSAR_implementation/DoorLock_indication_SWC.o
 .group         0x0000000000000000        0xc AUTOSAR_implementation/DoorSensorAbstractionSWC.o
 .group         0x0000000000000000        0xc AUTOSAR_implementation/DoorSensorAbstractionSWC.o
 .group         0x0000000000000000        0xc AUTOSAR_implementation/DoorSensorAbstractionSWC.o
 .group         0x0000000000000000        0xc AUTOSAR_implementation/DoorSensorAbstractionSWC.o
 .group         0x0000000000000000        0xc AUTOSAR_implementation/DoorSensorAbstractionSWC.o
 .group         0x0000000000000000        0xc AUTOSAR_implementation/DoorSensorAbstractionSWC.o
 .group         0x0000000000000000        0xc AUTOSAR_implementation/DoorSensorAbstractionSWC.o
 .group         0x0000000000000000        0xc AUTOSAR_implementation/DoorSensorAbstractionSWC.o
 .group         0x0000000000000000        0xc AUTOSAR_implementation/DoorSensorAbstractionSWC.o
 .group         0x0000000000000000        0xc AUTOSAR_implementation/DoorSensorAbstractionSWC.o
 .group         0x0000000000000000        0xc AUTOSAR_implementation/DoorSensorAbstractionSWC.o
 .group         0x0000000000000000        0xc AUTOSAR_implementation/DoorSensorAbstractionSWC.o
 .group         0x0000000000000000        0xc AUTOSAR_implementation/DoorSensorAbstractionSWC.o
 .group         0x0000000000000000        0xc AUTOSAR_implementation/DoorSensorAbstractionSWC.o
 .group         0x0000000000000000        0xc AUTOSAR_implementation/DoorSensorAbstractionSWC.o
 .group         0x0000000000000000        0xc AUTOSAR_implementation/DoorSensorAbstractionSWC.o
 .group         0x0000000000000000        0xc AUTOSAR_implementation/DoorSensorAbstractionSWC.o
 .group         0x0000000000000000        0xc AUTOSAR_implementation/DoorSensorAbstractionSWC.o
 .group         0x0000000000000000        0xc AUTOSAR_implementation/DoorSensorAbstractionSWC.o
 .group         0x0000000000000000        0xc AUTOSAR_implementation/DoorSensorAbstractionSWC.o
 .group         0x0000000000000000        0xc AUTOSAR_implementation/DoorSensorAbstractionSWC.o
 .group         0x0000000000000000        0xc AUTOSAR_implementation/DoorSensorAbstractionSWC.o
 .group         0x0000000000000000        0xc AUTOSAR_implementation/DoorSensorAbstractionSWC.o
 .group         0x0000000000000000        0xc AUTOSAR_implementation/DoorSensorAbstractionSWC.o
 .group         0x0000000000000000        0xc AUTOSAR_implementation/DoorSensorAbstractionSWC.o
 .group         0x0000000000000000        0xc AUTOSAR_implementation/DoorSensorAbstractionSWC.o
 .group         0x0000000000000000        0xc AUTOSAR_implementation/DoorSensorAbstractionSWC.o
 .group         0x0000000000000000        0xc AUTOSAR_implementation/DoorSensorAbstractionSWC.o
 .group         0x0000000000000000        0xc AUTOSAR_implementation/DoorSensorAbstractionSWC.o
 .group         0x0000000000000000        0xc AUTOSAR_implementation/DoorSensorAbstractionSWC.o
 .group         0x0000000000000000        0xc AUTOSAR_implementation/DoorSensorAbstractionSWC.o
 .text          0x0000000000000000        0x0 AUTOSAR_implementation/DoorSensorAbstractionSWC.o
 .data          0x0000000000000000        0x0 AUTOSAR_implementation/DoorSensorAbstractionSWC.o
 .bss           0x0000000000000000        0x0 AUTOSAR_implementation/DoorSensorAbstractionSWC.o
 .debug_macro   0x0000000000000000      0xa60 AUTOSAR_implementation/DoorSensorAbstractionSWC.o
 .debug_macro   0x0000000000000000       0x22 AUTOSAR_implementation/DoorSensorAbstractionSWC.o
 .debug_macro   0x0000000000000000       0x22 AUTOSAR_implementation/DoorSensorAbstractionSWC.o
 .debug_macro   0x0000000000000000       0x8e AUTOSAR_implementation/DoorSensorAbstractionSWC.o
 .debug_macro   0x0000000000000000       0x51 AUTOSAR_implementation/DoorSensorAbstractionSWC.o
 .debug_macro   0x0000000000000000       0xef AUTOSAR_implementation/DoorSensorAbstractionSWC.o
 .debug_macro   0x0000000000000000       0x6a AUTOSAR_implementation/DoorSensorAbstractionSWC.o
 .debug_macro   0x0000000000000000      0x1df AUTOSAR_implementation/DoorSensorAbstractionSWC.o
 .debug_macro   0x0000000000000000       0x22 AUTOSAR_implementation/DoorSensorAbstractionSWC.o
 .debug_macro   0x0000000000000000       0x82 AUTOSAR_implementation/DoorSensorAbstractionSWC.o
 .debug_macro   0x0000000000000000       0x40 AUTOSAR_implementation/DoorSensorAbstractionSWC.o
 .group         0x0000000000000000        0xc AUTOSAR_implementation/MCAL/DIO.o
 .group         0x0000000000000000        0xc AUTOSAR_implementation/MCAL/DIO.o
 .group         0x0000000000000000        0xc AUTOSAR_implementation/MCAL/DIO.o
 .group         0x0000000000000000        0xc AUTOSAR_implementation/MCAL/DIO.o
 .group         0x0000000000000000        0xc AUTOSAR_implementation/MCAL/DIO.o
 .group         0x0000000000000000        0xc AUTOSAR_implementation/MCAL/DIO.o
 .group         0x0000000000000000        0xc AUTOSAR_implementation/MCAL/DIO.o
 .group         0x0000000000000000        0xc AUTOSAR_implementation/MCAL/DIO.o
 .group         0x0000000000000000        0xc AUTOSAR_implementation/MCAL/DIO.o
 .group         0x0000000000000000        0xc AUTOSAR_implementation/MCAL/DIO.o
 .group         0x0000000000000000        0xc AUTOSAR_implementation/MCAL/DIO.o
 .group         0x0000000000000000        0xc AUTOSAR_implementation/MCAL/DIO.o
 .group         0x0000000000000000        0xc AUTOSAR_implementation/MCAL/DIO.o
 .group         0x0000000000000000        0xc AUTOSAR_implementation/MCAL/DIO.o
 .group         0x0000000000000000        0xc AUTOSAR_implementation/MCAL/DIO.o
 .group         0x0000000000000000        0xc AUTOSAR_implementation/MCAL/DIO.o
 .group         0x0000000000000000        0xc AUTOSAR_implementation/MCAL/DIO.o
 .group         0x0000000000000000        0xc AUTOSAR_implementation/MCAL/DIO.o
 .group         0x0000000000000000        0xc AUTOSAR_implementation/MCAL/DIO.o
 .group         0x0000000000000000        0xc AUTOSAR_implementation/MCAL/DIO.o
 .group         0x0000000000000000        0xc AUTOSAR_implementation/MCAL/DIO.o
 .group         0x0000000000000000        0xc AUTOSAR_implementation/MCAL/DIO.o
 .group         0x0000000000000000        0xc AUTOSAR_implementation/MCAL/DIO.o
 .group         0x0000000000000000        0xc AUTOSAR_implementation/MCAL/DIO.o
 .group         0x0000000000000000        0xc AUTOSAR_implementation/MCAL/DIO.o
 .text          0x0000000000000000        0x0 AUTOSAR_implementation/MCAL/DIO.o
 .data          0x0000000000000000        0x0 AUTOSAR_implementation/MCAL/DIO.o
 .bss           0x0000000000000000        0x0 AUTOSAR_implementation/MCAL/DIO.o
 .debug_macro   0x0000000000000000      0xa60 AUTOSAR_implementation/MCAL/DIO.o
 .debug_macro   0x0000000000000000       0x18 AUTOSAR_implementation/MCAL/DIO.o
 .debug_macro   0x0000000000000000       0x22 AUTOSAR_implementation/MCAL/DIO.o
 .debug_macro   0x0000000000000000       0x3c AUTOSAR_implementation/MCAL/DIO.o
 .debug_macro   0x0000000000000000       0x34 AUTOSAR_implementation/MCAL/DIO.o
 .debug_macro   0x0000000000000000       0x16 AUTOSAR_implementation/MCAL/DIO.o
 .debug_macro   0x0000000000000000      0x10e AUTOSAR_implementation/MCAL/DIO.o
 .debug_macro   0x0000000000000000       0x8d AUTOSAR_implementation/MCAL/DIO.o
 .debug_macro   0x0000000000000000       0x52 AUTOSAR_implementation/MCAL/DIO.o
 .debug_macro   0x0000000000000000       0x1f AUTOSAR_implementation/MCAL/DIO.o
 .debug_macro   0x0000000000000000       0x43 AUTOSAR_implementation/MCAL/DIO.o
 .debug_macro   0x0000000000000000       0x20 AUTOSAR_implementation/MCAL/DIO.o
 .debug_macro   0x0000000000000000      0x1a3 AUTOSAR_implementation/MCAL/DIO.o
 .debug_macro   0x0000000000000000      0x330 AUTOSAR_implementation/MCAL/DIO.o
 .debug_macro   0x0000000000000000       0x16 AUTOSAR_implementation/MCAL/DIO.o
 .debug_macro   0x0000000000000000       0x29 AUTOSAR_implementation/MCAL/DIO.o
 .debug_macro   0x0000000000000000       0xef AUTOSAR_implementation/MCAL/DIO.o
 .debug_macro   0x0000000000000000       0x6a AUTOSAR_implementation/MCAL/DIO.o
 .debug_macro   0x0000000000000000      0x1df AUTOSAR_implementation/MCAL/DIO.o
 .debug_macro   0x0000000000000000      0x6be AUTOSAR_implementation/MCAL/DIO.o
 .debug_macro   0x0000000000000000       0xd0 AUTOSAR_implementation/MCAL/DIO.o
 .debug_macro   0x0000000000000000       0x16 AUTOSAR_implementation/MCAL/DIO.o
 .group         0x0000000000000000        0xc AUTOSAR_implementation/RTE_gen/Rte_DoorLock_indication_SWC.o
 .group         0x0000000000000000        0xc AUTOSAR_implementation/RTE_gen/Rte_DoorLock_indication_SWC.o
 .group         0x0000000000000000        0xc AUTOSAR_implementation/RTE_gen/Rte_DoorLock_indication_SWC.o
 .group         0x0000000000000000        0xc AUTOSAR_implementation/RTE_gen/Rte_DoorLock_indication_SWC.o
 .group         0x0000000000000000        0xc AUTOSAR_implementation/RTE_gen/Rte_DoorLock_indication_SWC.o
 .group         0x0000000000000000        0xc AUTOSAR_implementation/RTE_gen/Rte_DoorLock_indication_SWC.o
 .group         0x0000000000000000        0xc AUTOSAR_implementation/RTE_gen/Rte_DoorLock_indication_SWC.o
 .group         0x0000000000000000        0xc AUTOSAR_implementation/RTE_gen/Rte_DoorLock_indication_SWC.o
 .group         0x0000000000000000        0xc AUTOSAR_implementation/RTE_gen/Rte_DoorLock_indication_SWC.o
 .group         0x0000000000000000        0xc AUTOSAR_implementation/RTE_gen/Rte_DoorLock_indication_SWC.o
 .group         0x0000000000000000        0xc AUTOSAR_implementation/RTE_gen/Rte_DoorLock_indication_SWC.o
 .group         0x0000000000000000        0xc AUTOSAR_implementation/RTE_gen/Rte_DoorLock_indication_SWC.o
 .group         0x0000000000000000        0xc AUTOSAR_implementation/RTE_gen/Rte_DoorLock_indication_SWC.o
 .text          0x0000000000000000        0x0 AUTOSAR_implementation/RTE_gen/Rte_DoorLock_indication_SWC.o
 .data          0x0000000000000000        0x0 AUTOSAR_implementation/RTE_gen/Rte_DoorLock_indication_SWC.o
 .bss           0x0000000000000000        0x0 AUTOSAR_implementation/RTE_gen/Rte_DoorLock_indication_SWC.o
 .rodata.Rte_Inst_DoorLock_indication_SWC
                0x0000000000000000        0x4 AUTOSAR_implementation/RTE_gen/Rte_DoorLock_indication_SWC.o
 .debug_macro   0x0000000000000000      0xa60 AUTOSAR_implementation/RTE_gen/Rte_DoorLock_indication_SWC.o
 .debug_macro   0x0000000000000000       0x22 AUTOSAR_implementation/RTE_gen/Rte_DoorLock_indication_SWC.o
 .debug_macro   0x0000000000000000       0x22 AUTOSAR_implementation/RTE_gen/Rte_DoorLock_indication_SWC.o
 .debug_macro   0x0000000000000000       0x8e AUTOSAR_implementation/RTE_gen/Rte_DoorLock_indication_SWC.o
 .debug_macro   0x0000000000000000       0x51 AUTOSAR_implementation/RTE_gen/Rte_DoorLock_indication_SWC.o
 .debug_macro   0x0000000000000000       0xef AUTOSAR_implementation/RTE_gen/Rte_DoorLock_indication_SWC.o
 .debug_macro   0x0000000000000000       0x6a AUTOSAR_implementation/RTE_gen/Rte_DoorLock_indication_SWC.o
 .debug_macro   0x0000000000000000      0x1df AUTOSAR_implementation/RTE_gen/Rte_DoorLock_indication_SWC.o
 .debug_macro   0x0000000000000000       0x22 AUTOSAR_implementation/RTE_gen/Rte_DoorLock_indication_SWC.o
 .debug_macro   0x0000000000000000       0x82 AUTOSAR_implementation/RTE_gen/Rte_DoorLock_indication_SWC.o
 .debug_macro   0x0000000000000000       0x40 AUTOSAR_implementation/RTE_gen/Rte_DoorLock_indication_SWC.o
 .debug_macro   0x0000000000000000       0x10 AUTOSAR_implementation/RTE_gen/Rte_DoorLock_indication_SWC.o
 .debug_macro   0x0000000000000000       0x1c AUTOSAR_implementation/RTE_gen/Rte_DoorLock_indication_SWC.o
 .group         0x0000000000000000        0xc AUTOSAR_implementation/RTE_gen/Rte_DoorSensorAbstractionSWC.o
 .group         0x0000000000000000        0xc AUTOSAR_implementation/RTE_gen/Rte_DoorSensorAbstractionSWC.o
 .group         0x0000000000000000        0xc AUTOSAR_implementation/RTE_gen/Rte_DoorSensorAbstractionSWC.o
 .group         0x0000000000000000        0xc AUTOSAR_implementation/RTE_gen/Rte_DoorSensorAbstractionSWC.o
 .group         0x0000000000000000        0xc AUTOSAR_implementation/RTE_gen/Rte_DoorSensorAbstractionSWC.o
 .group         0x0000000000000000        0xc AUTOSAR_implementation/RTE_gen/Rte_DoorSensorAbstractionSWC.o
 .group         0x0000000000000000        0xc AUTOSAR_implementation/RTE_gen/Rte_DoorSensorAbstractionSWC.o
 .group         0x0000000000000000        0xc AUTOSAR_implementation/RTE_gen/Rte_DoorSensorAbstractionSWC.o
 .group         0x0000000000000000        0xc AUTOSAR_implementation/RTE_gen/Rte_DoorSensorAbstractionSWC.o
 .group         0x0000000000000000        0xc AUTOSAR_implementation/RTE_gen/Rte_DoorSensorAbstractionSWC.o
 .group         0x0000000000000000        0xc AUTOSAR_implementation/RTE_gen/Rte_DoorSensorAbstractionSWC.o
 .group         0x0000000000000000        0xc AUTOSAR_implementation/RTE_gen/Rte_DoorSensorAbstractionSWC.o
 .group         0x0000000000000000        0xc AUTOSAR_implementation/RTE_gen/Rte_DoorSensorAbstractionSWC.o
 .group         0x0000000000000000        0xc AUTOSAR_implementation/RTE_gen/Rte_DoorSensorAbstractionSWC.o
 .group         0x0000000000000000        0xc AUTOSAR_implementation/RTE_gen/Rte_DoorSensorAbstractionSWC.o
 .group         0x0000000000000000        0xc AUTOSAR_implementation/RTE_gen/Rte_DoorSensorAbstractionSWC.o
 .group         0x0000000000000000        0xc AUTOSAR_implementation/RTE_gen/Rte_DoorSensorAbstractionSWC.o
 .group         0x0000000000000000        0xc AUTOSAR_implementation/RTE_gen/Rte_DoorSensorAbstractionSWC.o
 .group         0x0000000000000000        0xc AUTOSAR_implementation/RTE_gen/Rte_DoorSensorAbstractionSWC.o
 .group         0x0000000000000000        0xc AUTOSAR_implementation/RTE_gen/Rte_DoorSensorAbstractionSWC.o
 .group         0x0000000000000000        0xc AUTOSAR_implementation/RTE_gen/Rte_DoorSensorAbstractionSWC.o
 .group         0x0000000000000000        0xc AUTOSAR_implementation/RTE_gen/Rte_DoorSensorAbstractionSWC.o
 .group         0x0000000000000000        0xc AUTOSAR_implementation/RTE_gen/Rte_DoorSensorAbstractionSWC.o
 .group         0x0000000000000000        0xc AUTOSAR_implementation/RTE_gen/Rte_DoorSensorAbstractionSWC.o
 .group         0x0000000000000000        0xc AUTOSAR_implementation/RTE_gen/Rte_DoorSensorAbstractionSWC.o
 .group         0x0000000000000000        0xc AUTOSAR_implementation/RTE_gen/Rte_DoorSensorAbstractionSWC.o
 .group         0x0000000000000000        0xc AUTOSAR_implementation/RTE_gen/Rte_DoorSensorAbstractionSWC.o
 .text          0x0000000000000000        0x0 AUTOSAR_implementation/RTE_gen/Rte_DoorSensorAbstractionSWC.o
 .data          0x0000000000000000        0x0 AUTOSAR_implementation/RTE_gen/Rte_DoorSensorAbstractionSWC.o
 .bss           0x0000000000000000        0x0 AUTOSAR_implementation/RTE_gen/Rte_DoorSensorAbstractionSWC.o
 .rodata.Rte_Inst_DoorSensorAbstractionSWC
                0x0000000000000000        0x4 AUTOSAR_implementation/RTE_gen/Rte_DoorSensorAbstractionSWC.o
 .text.Rte_IWriteRef_DoorSensorAbstractionSWC_ReadDoorSensor_PP_SRI_DoorState
                0x0000000000000000       0x14 AUTOSAR_implementation/RTE_gen/Rte_DoorSensorAbstractionSWC.o
 .debug_macro   0x0000000000000000      0xa60 AUTOSAR_implementation/RTE_gen/Rte_DoorSensorAbstractionSWC.o
 .debug_macro   0x0000000000000000       0x22 AUTOSAR_implementation/RTE_gen/Rte_DoorSensorAbstractionSWC.o
 .debug_macro   0x0000000000000000       0x40 AUTOSAR_implementation/RTE_gen/Rte_DoorSensorAbstractionSWC.o
 .debug_macro   0x0000000000000000       0x18 AUTOSAR_implementation/RTE_gen/Rte_DoorSensorAbstractionSWC.o
 .debug_macro   0x0000000000000000       0x94 AUTOSAR_implementation/RTE_gen/Rte_DoorSensorAbstractionSWC.o
 .debug_macro   0x0000000000000000       0x3c AUTOSAR_implementation/RTE_gen/Rte_DoorSensorAbstractionSWC.o
 .debug_macro   0x0000000000000000       0x34 AUTOSAR_implementation/RTE_gen/Rte_DoorSensorAbstractionSWC.o
 .debug_macro   0x0000000000000000       0x57 AUTOSAR_implementation/RTE_gen/Rte_DoorSensorAbstractionSWC.o
 .debug_macro   0x0000000000000000       0x52 AUTOSAR_implementation/RTE_gen/Rte_DoorSensorAbstractionSWC.o
 .debug_macro   0x0000000000000000       0x1f AUTOSAR_implementation/RTE_gen/Rte_DoorSensorAbstractionSWC.o
 .debug_macro   0x0000000000000000       0x43 AUTOSAR_implementation/RTE_gen/Rte_DoorSensorAbstractionSWC.o
 .debug_macro   0x0000000000000000       0x20 AUTOSAR_implementation/RTE_gen/Rte_DoorSensorAbstractionSWC.o
 .debug_macro   0x0000000000000000      0x1a3 AUTOSAR_implementation/RTE_gen/Rte_DoorSensorAbstractionSWC.o
 .debug_macro   0x0000000000000000      0x330 AUTOSAR_implementation/RTE_gen/Rte_DoorSensorAbstractionSWC.o
 .debug_macro   0x0000000000000000       0x22 AUTOSAR_implementation/RTE_gen/Rte_DoorSensorAbstractionSWC.o
 .debug_macro   0x0000000000000000       0xef AUTOSAR_implementation/RTE_gen/Rte_DoorSensorAbstractionSWC.o
 .debug_macro   0x0000000000000000       0x6a AUTOSAR_implementation/RTE_gen/Rte_DoorSensorAbstractionSWC.o
 .debug_macro   0x0000000000000000      0x1df AUTOSAR_implementation/RTE_gen/Rte_DoorSensorAbstractionSWC.o
 .debug_macro   0x0000000000000000       0x22 AUTOSAR_implementation/RTE_gen/Rte_DoorSensorAbstractionSWC.o
 .debug_macro   0x0000000000000000       0x40 AUTOSAR_implementation/RTE_gen/Rte_DoorSensorAbstractionSWC.o
 .debug_macro   0x0000000000000000       0x10 AUTOSAR_implementation/RTE_gen/Rte_DoorSensorAbstractionSWC.o
 .debug_macro   0x0000000000000000       0x1c AUTOSAR_implementation/RTE_gen/Rte_DoorSensorAbstractionSWC.o
 .group         0x0000000000000000        0xc Src/GPIO.o
 .group         0x0000000000000000        0xc Src/GPIO.o
 .group         0x0000000000000000        0xc Src/GPIO.o
 .group         0x0000000000000000        0xc Src/GPIO.o
 .group         0x0000000000000000        0xc Src/GPIO.o
 .group         0x0000000000000000        0xc Src/GPIO.o
 .group         0x0000000000000000        0xc Src/GPIO.o
 .group         0x0000000000000000        0xc Src/GPIO.o
 .group         0x0000000000000000        0xc Src/GPIO.o
 .group         0x0000000000000000        0xc Src/GPIO.o
 .group         0x0000000000000000        0xc Src/GPIO.o
 .group         0x0000000000000000        0xc Src/GPIO.o
 .group         0x0000000000000000        0xc Src/GPIO.o
 .group         0x0000000000000000        0xc Src/GPIO.o
 .group         0x0000000000000000        0xc Src/GPIO.o
 .group         0x0000000000000000        0xc Src/GPIO.o
 .group         0x0000000000000000        0xc Src/GPIO.o
 .group         0x0000000000000000        0xc Src/GPIO.o
 .group         0x0000000000000000        0xc Src/GPIO.o
 .group         0x0000000000000000        0xc Src/GPIO.o
 .group         0x0000000000000000        0xc Src/GPIO.o
 .group         0x0000000000000000        0xc Src/GPIO.o
 .group         0x0000000000000000        0xc Src/GPIO.o
 .group         0x0000000000000000        0xc Src/GPIO.o
 .text          0x0000000000000000        0x0 Src/GPIO.o
 .data          0x0000000000000000        0x0 Src/GPIO.o
 .bss           0x0000000000000000        0x0 Src/GPIO.o
 .text.MCAL_GPIO_deInit
                0x0000000000000000       0xd4 Src/GPIO.o
 .text.MCAL_GPIO_readPort
                0x0000000000000000       0x18 Src/GPIO.o
 .text.MCAL_GPIO_writePort
                0x0000000000000000       0x1c Src/GPIO.o
 .text.MCAL_GPIO_togglePin
                0x0000000000000000       0x22 Src/GPIO.o
 .text.MCAL_GPIO_lockPin
                0x0000000000000000       0x4e Src/GPIO.o
 .debug_macro   0x0000000000000000      0xa60 Src/GPIO.o
 .debug_macro   0x0000000000000000       0x18 Src/GPIO.o
 .debug_macro   0x0000000000000000       0x22 Src/GPIO.o
 .debug_macro   0x0000000000000000       0x40 Src/GPIO.o
 .debug_macro   0x0000000000000000       0x94 Src/GPIO.o
 .debug_macro   0x0000000000000000       0x3c Src/GPIO.o
 .debug_macro   0x0000000000000000       0x34 Src/GPIO.o
 .debug_macro   0x0000000000000000       0x16 Src/GPIO.o
 .debug_macro   0x0000000000000000      0x10e Src/GPIO.o
 .debug_macro   0x0000000000000000       0x8d Src/GPIO.o
 .debug_macro   0x0000000000000000       0x57 Src/GPIO.o
 .debug_macro   0x0000000000000000       0x52 Src/GPIO.o
 .debug_macro   0x0000000000000000       0x1f Src/GPIO.o
 .debug_macro   0x0000000000000000       0x43 Src/GPIO.o
 .debug_macro   0x0000000000000000       0x20 Src/GPIO.o
 .debug_macro   0x0000000000000000      0x1a3 Src/GPIO.o
 .debug_macro   0x0000000000000000      0x330 Src/GPIO.o
 .debug_macro   0x0000000000000000       0x16 Src/GPIO.o
 .debug_macro   0x0000000000000000       0x29 Src/GPIO.o
 .debug_macro   0x0000000000000000       0xef Src/GPIO.o
 .debug_macro   0x0000000000000000       0x6a Src/GPIO.o
 .debug_macro   0x0000000000000000      0x1df Src/GPIO.o
 .debug_macro   0x0000000000000000      0x6be Src/GPIO.o
 .debug_macro   0x0000000000000000       0xd0 Src/GPIO.o
 .group         0x0000000000000000        0xc Src/RCC.o
 .group         0x0000000000000000        0xc Src/RCC.o
 .group         0x0000000000000000        0xc Src/RCC.o
 .group         0x0000000000000000        0xc Src/RCC.o
 .group         0x0000000000000000        0xc Src/RCC.o
 .group         0x0000000000000000        0xc Src/RCC.o
 .group         0x0000000000000000        0xc Src/RCC.o
 .group         0x0000000000000000        0xc Src/RCC.o
 .group         0x0000000000000000        0xc Src/RCC.o
 .group         0x0000000000000000        0xc Src/RCC.o
 .group         0x0000000000000000        0xc Src/RCC.o
 .group         0x0000000000000000        0xc Src/RCC.o
 .group         0x0000000000000000        0xc Src/RCC.o
 .group         0x0000000000000000        0xc Src/RCC.o
 .group         0x0000000000000000        0xc Src/RCC.o
 .group         0x0000000000000000        0xc Src/RCC.o
 .group         0x0000000000000000        0xc Src/RCC.o
 .group         0x0000000000000000        0xc Src/RCC.o
 .group         0x0000000000000000        0xc Src/RCC.o
 .group         0x0000000000000000        0xc Src/RCC.o
 .group         0x0000000000000000        0xc Src/RCC.o
 .group         0x0000000000000000        0xc Src/RCC.o
 .group         0x0000000000000000        0xc Src/RCC.o
 .group         0x0000000000000000        0xc Src/RCC.o
 .group         0x0000000000000000        0xc Src/RCC.o
 .text          0x0000000000000000        0x0 Src/RCC.o
 .data          0x0000000000000000        0x0 Src/RCC.o
 .bss           0x0000000000000000        0x0 Src/RCC.o
 .rodata.APBPrescaler
                0x0000000000000000        0x8 Src/RCC.o
 .rodata.AHBPrescaler
                0x0000000000000000       0x10 Src/RCC.o
 .text.MCAL_RCC_GET_SYS_CLK
                0x0000000000000000       0x40 Src/RCC.o
 .text.MCAL_RCC_GET_HCL_CLK
                0x0000000000000000       0x28 Src/RCC.o
 .text.MCAL_RCC_GET_PCLK1
                0x0000000000000000       0x28 Src/RCC.o
 .text.MCAL_RCC_GET_PCLK2
                0x0000000000000000       0x28 Src/RCC.o
 .debug_info    0x0000000000000000      0xb25 Src/RCC.o
 .debug_abbrev  0x0000000000000000      0x19b Src/RCC.o
 .debug_loc     0x0000000000000000       0xc8 Src/RCC.o
 .debug_aranges
                0x0000000000000000       0x38 Src/RCC.o
 .debug_ranges  0x0000000000000000       0x28 Src/RCC.o
 .debug_macro   0x0000000000000000      0x148 Src/RCC.o
 .debug_macro   0x0000000000000000      0xa60 Src/RCC.o
 .debug_macro   0x0000000000000000       0x18 Src/RCC.o
 .debug_macro   0x0000000000000000       0x22 Src/RCC.o
 .debug_macro   0x0000000000000000       0x40 Src/RCC.o
 .debug_macro   0x0000000000000000       0x94 Src/RCC.o
 .debug_macro   0x0000000000000000       0x3c Src/RCC.o
 .debug_macro   0x0000000000000000       0x34 Src/RCC.o
 .debug_macro   0x0000000000000000       0x16 Src/RCC.o
 .debug_macro   0x0000000000000000      0x10e Src/RCC.o
 .debug_macro   0x0000000000000000       0x8d Src/RCC.o
 .debug_macro   0x0000000000000000       0x57 Src/RCC.o
 .debug_macro   0x0000000000000000       0x52 Src/RCC.o
 .debug_macro   0x0000000000000000       0x1f Src/RCC.o
 .debug_macro   0x0000000000000000       0x43 Src/RCC.o
 .debug_macro   0x0000000000000000       0x20 Src/RCC.o
 .debug_macro   0x0000000000000000      0x1a3 Src/RCC.o
 .debug_macro   0x0000000000000000      0x330 Src/RCC.o
 .debug_macro   0x0000000000000000       0x16 Src/RCC.o
 .debug_macro   0x0000000000000000       0x29 Src/RCC.o
 .debug_macro   0x0000000000000000       0xef Src/RCC.o
 .debug_macro   0x0000000000000000       0x6a Src/RCC.o
 .debug_macro   0x0000000000000000      0x1df Src/RCC.o
 .debug_macro   0x0000000000000000      0x6be Src/RCC.o
 .debug_macro   0x0000000000000000       0xd6 Src/RCC.o
 .debug_macro   0x0000000000000000       0x10 Src/RCC.o
 .debug_line    0x0000000000000000      0x531 Src/RCC.o
 .debug_str     0x0000000000000000     0x9646 Src/RCC.o
 .comment       0x0000000000000000       0x7c Src/RCC.o
 .debug_frame   0x0000000000000000       0x84 Src/RCC.o
 .ARM.attributes
                0x0000000000000000       0x33 Src/RCC.o
 .group         0x0000000000000000        0xc Src/main.o
 .group         0x0000000000000000        0xc Src/main.o
 .group         0x0000000000000000        0xc Src/main.o
 .group         0x0000000000000000        0xc Src/main.o
 .group         0x0000000000000000        0xc Src/main.o
 .group         0x0000000000000000        0xc Src/main.o
 .group         0x0000000000000000        0xc Src/main.o
 .group         0x0000000000000000        0xc Src/main.o
 .group         0x0000000000000000        0xc Src/main.o
 .group         0x0000000000000000        0xc Src/main.o
 .group         0x0000000000000000        0xc Src/main.o
 .group         0x0000000000000000        0xc Src/main.o
 .group         0x0000000000000000        0xc Src/main.o
 .group         0x0000000000000000        0xc Src/main.o
 .group         0x0000000000000000        0xc Src/main.o
 .group         0x0000000000000000        0xc Src/main.o
 .group         0x0000000000000000        0xc Src/main.o
 .group         0x0000000000000000        0xc Src/main.o
 .group         0x0000000000000000        0xc Src/main.o
 .group         0x0000000000000000        0xc Src/main.o
 .group         0x0000000000000000        0xc Src/main.o
 .group         0x0000000000000000        0xc Src/main.o
 .group         0x0000000000000000        0xc Src/main.o
 .group         0x0000000000000000        0xc Src/main.o
 .text          0x0000000000000000        0x0 Src/main.o
 .data          0x0000000000000000        0x0 Src/main.o
 .bss           0x0000000000000000        0x0 Src/main.o
 .debug_macro   0x0000000000000000      0xa60 Src/main.o
 .debug_macro   0x0000000000000000       0x18 Src/main.o
 .debug_macro   0x0000000000000000       0x22 Src/main.o
 .debug_macro   0x0000000000000000       0x40 Src/main.o
 .debug_macro   0x0000000000000000       0x94 Src/main.o
 .debug_macro   0x0000000000000000       0x3c Src/main.o
 .debug_macro   0x0000000000000000       0x34 Src/main.o
 .debug_macro   0x0000000000000000       0x16 Src/main.o
 .debug_macro   0x0000000000000000      0x10e Src/main.o
 .debug_macro   0x0000000000000000       0x8d Src/main.o
 .debug_macro   0x0000000000000000       0x57 Src/main.o
 .debug_macro   0x0000000000000000       0x52 Src/main.o
 .debug_macro   0x0000000000000000       0x1f Src/main.o
 .debug_macro   0x0000000000000000       0x43 Src/main.o
 .debug_macro   0x0000000000000000       0x20 Src/main.o
 .debug_macro   0x0000000000000000      0x1a3 Src/main.o
 .debug_macro   0x0000000000000000      0x330 Src/main.o
 .debug_macro   0x0000000000000000       0x16 Src/main.o
 .debug_macro   0x0000000000000000       0x29 Src/main.o
 .debug_macro   0x0000000000000000       0xef Src/main.o
 .debug_macro   0x0000000000000000       0x6a Src/main.o
 .debug_macro   0x0000000000000000      0x1df Src/main.o
 .debug_macro   0x0000000000000000      0x6be Src/main.o
 .debug_macro   0x0000000000000000       0xd0 Src/main.o
 .group         0x0000000000000000        0xc Src/syscalls.o
 .group         0x0000000000000000        0xc Src/syscalls.o
 .group         0x0000000000000000        0xc Src/syscalls.o
 .group         0x0000000000000000        0xc Src/syscalls.o
 .group         0x0000000000000000        0xc Src/syscalls.o
 .group         0x0000000000000000        0xc Src/syscalls.o
 .group         0x0000000000000000        0xc Src/syscalls.o
 .group         0x0000000000000000        0xc Src/syscalls.o
 .group         0x0000000000000000        0xc Src/syscalls.o
 .group         0x0000000000000000        0xc Src/syscalls.o
 .group         0x0000000000000000        0xc Src/syscalls.o
 .group         0x0000000000000000        0xc Src/syscalls.o
 .group         0x0000000000000000        0xc Src/syscalls.o
 .group         0x0000000000000000        0xc Src/syscalls.o
 .group         0x0000000000000000        0xc Src/syscalls.o
 .group         0x0000000000000000        0xc Src/syscalls.o
 .group         0x0000000000000000        0xc Src/syscalls.o
 .group         0x0000000000000000        0xc Src/syscalls.o
 .group         0x0000000000000000        0xc Src/syscalls.o
 .group         0x0000000000000000        0xc Src/syscalls.o
 .group         0x0000000000000000        0xc Src/syscalls.o
 .group         0x0000000000000000        0xc Src/syscalls.o
 .group         0x0000000000000000        0xc Src/syscalls.o
 .group         0x0000000000000000        0xc Src/syscalls.o
 .group         0x0000000000000000        0xc Src/syscalls.o
 .group         0x0000000000000000        0xc Src/syscalls.o
 .group         0x0000000000000000        0xc Src/syscalls.o
 .group         0x0000000000000000        0xc Src/syscalls.o
 .group         0x0000000000000000        0xc Src/syscalls.o
 .group         0x0000000000000000        0xc Src/syscalls.o
 .group         0x0000000000000000        0xc Src/syscalls.o
 .group         0x0000000000000000        0xc Src/syscalls.o
 .group         0x0000000000000000        0xc Src/syscalls.o
 .group         0x0000000000000000        0xc Src/syscalls.o
 .group         0x0000000000000000        0xc Src/syscalls.o
 .group         0x0000000000000000        0xc Src/syscalls.o
 .group         0x0000000000000000        0xc Src/syscalls.o
 .group         0x0000000000000000        0xc Src/syscalls.o
 .group         0x0000000000000000        0xc Src/syscalls.o
 .group         0x0000000000000000        0xc Src/syscalls.o
 .group         0x0000000000000000        0xc Src/syscalls.o
 .group         0x0000000000000000        0xc Src/syscalls.o
 .group         0x0000000000000000        0xc Src/syscalls.o
 .group         0x0000000000000000        0xc Src/syscalls.o
 .text          0x0000000000000000        0x0 Src/syscalls.o
 .data          0x0000000000000000        0x0 Src/syscalls.o
 .bss           0x0000000000000000        0x0 Src/syscalls.o
 .bss.__env     0x0000000000000000        0x4 Src/syscalls.o
 .data.environ  0x0000000000000000        0x4 Src/syscalls.o
 .text.initialise_monitor_handles
                0x0000000000000000        0xc Src/syscalls.o
 .text._getpid  0x0000000000000000        0xe Src/syscalls.o
 .text._kill    0x0000000000000000       0x20 Src/syscalls.o
 .text._exit    0x0000000000000000       0x14 Src/syscalls.o
 .text._read    0x0000000000000000       0x3a Src/syscalls.o
 .text._write   0x0000000000000000       0x38 Src/syscalls.o
 .text._close   0x0000000000000000       0x16 Src/syscalls.o
 .text._fstat   0x0000000000000000       0x1e Src/syscalls.o
 .text._isatty  0x0000000000000000       0x14 Src/syscalls.o
 .text._lseek   0x0000000000000000       0x18 Src/syscalls.o
 .text._open    0x0000000000000000       0x1a Src/syscalls.o
 .text._wait    0x0000000000000000       0x1e Src/syscalls.o
 .text._unlink  0x0000000000000000       0x1e Src/syscalls.o
 .text._times   0x0000000000000000       0x16 Src/syscalls.o
 .text._stat    0x0000000000000000       0x1e Src/syscalls.o
 .text._link    0x0000000000000000       0x20 Src/syscalls.o
 .text._fork    0x0000000000000000       0x16 Src/syscalls.o
 .text._execve  0x0000000000000000       0x22 Src/syscalls.o
 .debug_info    0x0000000000000000     0x1038 Src/syscalls.o
 .debug_abbrev  0x0000000000000000      0x254 Src/syscalls.o
 .debug_loc     0x0000000000000000      0x5b8 Src/syscalls.o
 .debug_aranges
                0x0000000000000000       0xa8 Src/syscalls.o
 .debug_ranges  0x0000000000000000       0x98 Src/syscalls.o
 .debug_macro   0x0000000000000000      0x243 Src/syscalls.o
 .debug_macro   0x0000000000000000      0xa60 Src/syscalls.o
 .debug_macro   0x0000000000000000       0x22 Src/syscalls.o
 .debug_macro   0x0000000000000000       0x40 Src/syscalls.o
 .debug_macro   0x0000000000000000       0x18 Src/syscalls.o
 .debug_macro   0x0000000000000000       0x94 Src/syscalls.o
 .debug_macro   0x0000000000000000       0x3c Src/syscalls.o
 .debug_macro   0x0000000000000000       0x34 Src/syscalls.o
 .debug_macro   0x0000000000000000       0x57 Src/syscalls.o
 .debug_macro   0x0000000000000000      0x174 Src/syscalls.o
 .debug_macro   0x0000000000000000      0x330 Src/syscalls.o
 .debug_macro   0x0000000000000000       0x52 Src/syscalls.o
 .debug_macro   0x0000000000000000       0x1f Src/syscalls.o
 .debug_macro   0x0000000000000000       0x43 Src/syscalls.o
 .debug_macro   0x0000000000000000       0x20 Src/syscalls.o
 .debug_macro   0x0000000000000000      0x1a3 Src/syscalls.o
 .debug_macro   0x0000000000000000       0x10 Src/syscalls.o
 .debug_macro   0x0000000000000000       0x35 Src/syscalls.o
 .debug_macro   0x0000000000000000       0x10 Src/syscalls.o
 .debug_macro   0x0000000000000000       0x10 Src/syscalls.o
 .debug_macro   0x0000000000000000       0x10 Src/syscalls.o
 .debug_macro   0x0000000000000000       0x6a Src/syscalls.o
 .debug_macro   0x0000000000000000       0x1c Src/syscalls.o
 .debug_macro   0x0000000000000000       0x52 Src/syscalls.o
 .debug_macro   0x0000000000000000       0x40 Src/syscalls.o
 .debug_macro   0x0000000000000000       0x10 Src/syscalls.o
 .debug_macro   0x0000000000000000       0x40 Src/syscalls.o
 .debug_macro   0x0000000000000000       0xd7 Src/syscalls.o
 .debug_macro   0x0000000000000000       0x1c Src/syscalls.o
 .debug_macro   0x0000000000000000       0x3d Src/syscalls.o
 .debug_macro   0x0000000000000000       0x35 Src/syscalls.o
 .debug_macro   0x0000000000000000      0x122 Src/syscalls.o
 .debug_macro   0x0000000000000000       0x16 Src/syscalls.o
 .debug_macro   0x0000000000000000       0x16 Src/syscalls.o
 .debug_macro   0x0000000000000000       0x29 Src/syscalls.o
 .debug_macro   0x0000000000000000       0x10 Src/syscalls.o
 .debug_macro   0x0000000000000000      0x241 Src/syscalls.o
 .debug_macro   0x0000000000000000       0x1c Src/syscalls.o
 .debug_macro   0x0000000000000000       0x10 Src/syscalls.o
 .debug_macro   0x0000000000000000       0x10 Src/syscalls.o
 .debug_macro   0x0000000000000000       0x16 Src/syscalls.o
 .debug_macro   0x0000000000000000      0x145 Src/syscalls.o
 .debug_macro   0x0000000000000000      0x189 Src/syscalls.o
 .debug_macro   0x0000000000000000       0x16 Src/syscalls.o
 .debug_macro   0x0000000000000000       0x88 Src/syscalls.o
 .debug_line    0x0000000000000000      0x739 Src/syscalls.o
 .debug_str     0x0000000000000000     0x8897 Src/syscalls.o
 .comment       0x0000000000000000       0x7c Src/syscalls.o
 .debug_frame   0x0000000000000000      0x2ac Src/syscalls.o
 .ARM.attributes
                0x0000000000000000       0x33 Src/syscalls.o
 .group         0x0000000000000000        0xc Src/sysmem.o
 .group         0x0000000000000000        0xc Src/sysmem.o
 .group         0x0000000000000000        0xc Src/sysmem.o
 .group         0x0000000000000000        0xc Src/sysmem.o
 .group         0x0000000000000000        0xc Src/sysmem.o
 .group         0x0000000000000000        0xc Src/sysmem.o
 .group         0x0000000000000000        0xc Src/sysmem.o
 .group         0x0000000000000000        0xc Src/sysmem.o
 .group         0x0000000000000000        0xc Src/sysmem.o
 .group         0x0000000000000000        0xc Src/sysmem.o
 .group         0x0000000000000000        0xc Src/sysmem.o
 .group         0x0000000000000000        0xc Src/sysmem.o
 .group         0x0000000000000000        0xc Src/sysmem.o
 .group         0x0000000000000000        0xc Src/sysmem.o
 .group         0x0000000000000000        0xc Src/sysmem.o
 .group         0x0000000000000000        0xc Src/sysmem.o
 .group         0x0000000000000000        0xc Src/sysmem.o
 .group         0x0000000000000000        0xc Src/sysmem.o
 .group         0x0000000000000000        0xc Src/sysmem.o
 .text          0x0000000000000000        0x0 Src/sysmem.o
 .data          0x0000000000000000        0x0 Src/sysmem.o
 .bss           0x0000000000000000        0x0 Src/sysmem.o
 .bss.__sbrk_heap_end
                0x0000000000000000        0x4 Src/sysmem.o
 .text._sbrk    0x0000000000000000       0x6c Src/sysmem.o
 .debug_info    0x0000000000000000      0xa7c Src/sysmem.o
 .debug_abbrev  0x0000000000000000      0x18e Src/sysmem.o
 .debug_loc     0x0000000000000000       0x50 Src/sysmem.o
 .debug_aranges
                0x0000000000000000       0x20 Src/sysmem.o
 .debug_ranges  0x0000000000000000       0x10 Src/sysmem.o
 .debug_macro   0x0000000000000000       0xee Src/sysmem.o
 .debug_macro   0x0000000000000000      0xa60 Src/sysmem.o
 .debug_macro   0x0000000000000000       0x10 Src/sysmem.o
 .debug_macro   0x0000000000000000       0x22 Src/sysmem.o
 .debug_macro   0x0000000000000000       0x40 Src/sysmem.o
 .debug_macro   0x0000000000000000       0x18 Src/sysmem.o
 .debug_macro   0x0000000000000000       0x94 Src/sysmem.o
 .debug_macro   0x0000000000000000       0x3c Src/sysmem.o
 .debug_macro   0x0000000000000000       0x34 Src/sysmem.o
 .debug_macro   0x0000000000000000      0x174 Src/sysmem.o
 .debug_macro   0x0000000000000000       0x57 Src/sysmem.o
 .debug_macro   0x0000000000000000       0x52 Src/sysmem.o
 .debug_macro   0x0000000000000000       0x1f Src/sysmem.o
 .debug_macro   0x0000000000000000       0x43 Src/sysmem.o
 .debug_macro   0x0000000000000000       0x20 Src/sysmem.o
 .debug_macro   0x0000000000000000      0x1a3 Src/sysmem.o
 .debug_macro   0x0000000000000000      0x23b Src/sysmem.o
 .debug_macro   0x0000000000000000       0xef Src/sysmem.o
 .debug_macro   0x0000000000000000       0x6a Src/sysmem.o
 .debug_macro   0x0000000000000000      0x1df Src/sysmem.o
 .debug_line    0x0000000000000000      0x4c2 Src/sysmem.o
 .debug_str     0x0000000000000000     0x5f65 Src/sysmem.o
 .comment       0x0000000000000000       0x7c Src/sysmem.o
 .debug_frame   0x0000000000000000       0x34 Src/sysmem.o
 .ARM.attributes
                0x0000000000000000       0x33 Src/sysmem.o
 .text          0x0000000000000000       0x14 Startup/startup_stm32f103c6tx.o
 .data          0x0000000000000000        0x0 Startup/startup_stm32f103c6tx.o
 .bss           0x0000000000000000        0x0 Startup/startup_stm32f103c6tx.o
 .text          0x0000000000000000        0x0 c:/st/stm32cubeide_1.4.0/stm32cubeide/plugins/com.st.stm32cube.ide.mcu.externaltools.gnu-tools-for-stm32.7-2018-q2-update.win32_1.4.0.202007081208/tools/bin/../lib/gcc/arm-none-eabi/7.3.1/../../../../arm-none-eabi/lib/thumb/v7-m\libc_nano.a(lib_a-errno.o)
 .data          0x0000000000000000        0x0 c:/st/stm32cubeide_1.4.0/stm32cubeide/plugins/com.st.stm32cube.ide.mcu.externaltools.gnu-tools-for-stm32.7-2018-q2-update.win32_1.4.0.202007081208/tools/bin/../lib/gcc/arm-none-eabi/7.3.1/../../../../arm-none-eabi/lib/thumb/v7-m\libc_nano.a(lib_a-errno.o)
 .bss           0x0000000000000000        0x0 c:/st/stm32cubeide_1.4.0/stm32cubeide/plugins/com.st.stm32cube.ide.mcu.externaltools.gnu-tools-for-stm32.7-2018-q2-update.win32_1.4.0.202007081208/tools/bin/../lib/gcc/arm-none-eabi/7.3.1/../../../../arm-none-eabi/lib/thumb/v7-m\libc_nano.a(lib_a-errno.o)
 .text.__errno  0x0000000000000000        0xc c:/st/stm32cubeide_1.4.0/stm32cubeide/plugins/com.st.stm32cube.ide.mcu.externaltools.gnu-tools-for-stm32.7-2018-q2-update.win32_1.4.0.202007081208/tools/bin/../lib/gcc/arm-none-eabi/7.3.1/../../../../arm-none-eabi/lib/thumb/v7-m\libc_nano.a(lib_a-errno.o)
 .debug_frame   0x0000000000000000       0x20 c:/st/stm32cubeide_1.4.0/stm32cubeide/plugins/com.st.stm32cube.ide.mcu.externaltools.gnu-tools-for-stm32.7-2018-q2-update.win32_1.4.0.202007081208/tools/bin/../lib/gcc/arm-none-eabi/7.3.1/../../../../arm-none-eabi/lib/thumb/v7-m\libc_nano.a(lib_a-errno.o)
 .ARM.attributes
                0x0000000000000000       0x2d c:/st/stm32cubeide_1.4.0/stm32cubeide/plugins/com.st.stm32cube.ide.mcu.externaltools.gnu-tools-for-stm32.7-2018-q2-update.win32_1.4.0.202007081208/tools/bin/../lib/gcc/arm-none-eabi/7.3.1/../../../../arm-none-eabi/lib/thumb/v7-m\libc_nano.a(lib_a-errno.o)
 .text          0x0000000000000000        0x0 c:/st/stm32cubeide_1.4.0/stm32cubeide/plugins/com.st.stm32cube.ide.mcu.externaltools.gnu-tools-for-stm32.7-2018-q2-update.win32_1.4.0.202007081208/tools/bin/../lib/gcc/arm-none-eabi/7.3.1/../../../../arm-none-eabi/lib/thumb/v7-m\libc_nano.a(lib_a-exit.o)
 .data          0x0000000000000000        0x0 c:/st/stm32cubeide_1.4.0/stm32cubeide/plugins/com.st.stm32cube.ide.mcu.externaltools.gnu-tools-for-stm32.7-2018-q2-update.win32_1.4.0.202007081208/tools/bin/../lib/gcc/arm-none-eabi/7.3.1/../../../../arm-none-eabi/lib/thumb/v7-m\libc_nano.a(lib_a-exit.o)
 .bss           0x0000000000000000        0x0 c:/st/stm32cubeide_1.4.0/stm32cubeide/plugins/com.st.stm32cube.ide.mcu.externaltools.gnu-tools-for-stm32.7-2018-q2-update.win32_1.4.0.202007081208/tools/bin/../lib/gcc/arm-none-eabi/7.3.1/../../../../arm-none-eabi/lib/thumb/v7-m\libc_nano.a(lib_a-exit.o)
 .text.exit     0x0000000000000000       0x28 c:/st/stm32cubeide_1.4.0/stm32cubeide/plugins/com.st.stm32cube.ide.mcu.externaltools.gnu-tools-for-stm32.7-2018-q2-update.win32_1.4.0.202007081208/tools/bin/../lib/gcc/arm-none-eabi/7.3.1/../../../../arm-none-eabi/lib/thumb/v7-m\libc_nano.a(lib_a-exit.o)
 .debug_frame   0x0000000000000000       0x28 c:/st/stm32cubeide_1.4.0/stm32cubeide/plugins/com.st.stm32cube.ide.mcu.externaltools.gnu-tools-for-stm32.7-2018-q2-update.win32_1.4.0.202007081208/tools/bin/../lib/gcc/arm-none-eabi/7.3.1/../../../../arm-none-eabi/lib/thumb/v7-m\libc_nano.a(lib_a-exit.o)
 .ARM.attributes
                0x0000000000000000       0x2d c:/st/stm32cubeide_1.4.0/stm32cubeide/plugins/com.st.stm32cube.ide.mcu.externaltools.gnu-tools-for-stm32.7-2018-q2-update.win32_1.4.0.202007081208/tools/bin/../lib/gcc/arm-none-eabi/7.3.1/../../../../arm-none-eabi/lib/thumb/v7-m\libc_nano.a(lib_a-exit.o)
 .text          0x0000000000000000        0x0 c:/st/stm32cubeide_1.4.0/stm32cubeide/plugins/com.st.stm32cube.ide.mcu.externaltools.gnu-tools-for-stm32.7-2018-q2-update.win32_1.4.0.202007081208/tools/bin/../lib/gcc/arm-none-eabi/7.3.1/../../../../arm-none-eabi/lib/thumb/v7-m\libc_nano.a(lib_a-impure.o)
 .data          0x0000000000000000        0x0 c:/st/stm32cubeide_1.4.0/stm32cubeide/plugins/com.st.stm32cube.ide.mcu.externaltools.gnu-tools-for-stm32.7-2018-q2-update.win32_1.4.0.202007081208/tools/bin/../lib/gcc/arm-none-eabi/7.3.1/../../../../arm-none-eabi/lib/thumb/v7-m\libc_nano.a(lib_a-impure.o)
 .bss           0x0000000000000000        0x0 c:/st/stm32cubeide_1.4.0/stm32cubeide/plugins/com.st.stm32cube.ide.mcu.externaltools.gnu-tools-for-stm32.7-2018-q2-update.win32_1.4.0.202007081208/tools/bin/../lib/gcc/arm-none-eabi/7.3.1/../../../../arm-none-eabi/lib/thumb/v7-m\libc_nano.a(lib_a-impure.o)
 .data._impure_ptr
                0x0000000000000000        0x4 c:/st/stm32cubeide_1.4.0/stm32cubeide/plugins/com.st.stm32cube.ide.mcu.externaltools.gnu-tools-for-stm32.7-2018-q2-update.win32_1.4.0.202007081208/tools/bin/../lib/gcc/arm-none-eabi/7.3.1/../../../../arm-none-eabi/lib/thumb/v7-m\libc_nano.a(lib_a-impure.o)
 .data.impure_data
                0x0000000000000000       0x60 c:/st/stm32cubeide_1.4.0/stm32cubeide/plugins/com.st.stm32cube.ide.mcu.externaltools.gnu-tools-for-stm32.7-2018-q2-update.win32_1.4.0.202007081208/tools/bin/../lib/gcc/arm-none-eabi/7.3.1/../../../../arm-none-eabi/lib/thumb/v7-m\libc_nano.a(lib_a-impure.o)
 .rodata._global_impure_ptr
                0x0000000000000000        0x4 c:/st/stm32cubeide_1.4.0/stm32cubeide/plugins/com.st.stm32cube.ide.mcu.externaltools.gnu-tools-for-stm32.7-2018-q2-update.win32_1.4.0.202007081208/tools/bin/../lib/gcc/arm-none-eabi/7.3.1/../../../../arm-none-eabi/lib/thumb/v7-m\libc_nano.a(lib_a-impure.o)
 .ARM.attributes
                0x0000000000000000       0x2d c:/st/stm32cubeide_1.4.0/stm32cubeide/plugins/com.st.stm32cube.ide.mcu.externaltools.gnu-tools-for-stm32.7-2018-q2-update.win32_1.4.0.202007081208/tools/bin/../lib/gcc/arm-none-eabi/7.3.1/../../../../arm-none-eabi/lib/thumb/v7-m\libc_nano.a(lib_a-impure.o)
 .text          0x0000000000000000        0x0 c:/st/stm32cubeide_1.4.0/stm32cubeide/plugins/com.st.stm32cube.ide.mcu.externaltools.gnu-tools-for-stm32.7-2018-q2-update.win32_1.4.0.202007081208/tools/bin/../lib/gcc/arm-none-eabi/7.3.1/../../../../arm-none-eabi/lib/thumb/v7-m\libc_nano.a(lib_a-init.o)
 .data          0x0000000000000000        0x0 c:/st/stm32cubeide_1.4.0/stm32cubeide/plugins/com.st.stm32cube.ide.mcu.externaltools.gnu-tools-for-stm32.7-2018-q2-update.win32_1.4.0.202007081208/tools/bin/../lib/gcc/arm-none-eabi/7.3.1/../../../../arm-none-eabi/lib/thumb/v7-m\libc_nano.a(lib_a-init.o)
 .bss           0x0000000000000000        0x0 c:/st/stm32cubeide_1.4.0/stm32cubeide/plugins/com.st.stm32cube.ide.mcu.externaltools.gnu-tools-for-stm32.7-2018-q2-update.win32_1.4.0.202007081208/tools/bin/../lib/gcc/arm-none-eabi/7.3.1/../../../../arm-none-eabi/lib/thumb/v7-m\libc_nano.a(lib_a-init.o)
 .text          0x0000000000000000        0x0 c:/st/stm32cubeide_1.4.0/stm32cubeide/plugins/com.st.stm32cube.ide.mcu.externaltools.gnu-tools-for-stm32.7-2018-q2-update.win32_1.4.0.202007081208/tools/bin/../lib/gcc/arm-none-eabi/7.3.1/../../../../arm-none-eabi/lib/thumb/v7-m\libc_nano.a(lib_a-memset.o)
 .data          0x0000000000000000        0x0 c:/st/stm32cubeide_1.4.0/stm32cubeide/plugins/com.st.stm32cube.ide.mcu.externaltools.gnu-tools-for-stm32.7-2018-q2-update.win32_1.4.0.202007081208/tools/bin/../lib/gcc/arm-none-eabi/7.3.1/../../../../arm-none-eabi/lib/thumb/v7-m\libc_nano.a(lib_a-memset.o)
 .bss           0x0000000000000000        0x0 c:/st/stm32cubeide_1.4.0/stm32cubeide/plugins/com.st.stm32cube.ide.mcu.externaltools.gnu-tools-for-stm32.7-2018-q2-update.win32_1.4.0.202007081208/tools/bin/../lib/gcc/arm-none-eabi/7.3.1/../../../../arm-none-eabi/lib/thumb/v7-m\libc_nano.a(lib_a-memset.o)
 .text.memset   0x0000000000000000       0x10 c:/st/stm32cubeide_1.4.0/stm32cubeide/plugins/com.st.stm32cube.ide.mcu.externaltools.gnu-tools-for-stm32.7-2018-q2-update.win32_1.4.0.202007081208/tools/bin/../lib/gcc/arm-none-eabi/7.3.1/../../../../arm-none-eabi/lib/thumb/v7-m\libc_nano.a(lib_a-memset.o)
 .debug_frame   0x0000000000000000       0x20 c:/st/stm32cubeide_1.4.0/stm32cubeide/plugins/com.st.stm32cube.ide.mcu.externaltools.gnu-tools-for-stm32.7-2018-q2-update.win32_1.4.0.202007081208/tools/bin/../lib/gcc/arm-none-eabi/7.3.1/../../../../arm-none-eabi/lib/thumb/v7-m\libc_nano.a(lib_a-memset.o)
 .ARM.attributes
                0x0000000000000000       0x2d c:/st/stm32cubeide_1.4.0/stm32cubeide/plugins/com.st.stm32cube.ide.mcu.externaltools.gnu-tools-for-stm32.7-2018-q2-update.win32_1.4.0.202007081208/tools/bin/../lib/gcc/arm-none-eabi/7.3.1/../../../../arm-none-eabi/lib/thumb/v7-m\libc_nano.a(lib_a-memset.o)
 .text          0x0000000000000000        0x0 c:/st/stm32cubeide_1.4.0/stm32cubeide/plugins/com.st.stm32cube.ide.mcu.externaltools.gnu-tools-for-stm32.7-2018-q2-update.win32_1.4.0.202007081208/tools/bin/../lib/gcc/arm-none-eabi/7.3.1/thumb/v7-m/crtend.o
 .data          0x0000000000000000        0x0 c:/st/stm32cubeide_1.4.0/stm32cubeide/plugins/com.st.stm32cube.ide.mcu.externaltools.gnu-tools-for-stm32.7-2018-q2-update.win32_1.4.0.202007081208/tools/bin/../lib/gcc/arm-none-eabi/7.3.1/thumb/v7-m/crtend.o
 .bss           0x0000000000000000        0x0 c:/st/stm32cubeide_1.4.0/stm32cubeide/plugins/com.st.stm32cube.ide.mcu.externaltools.gnu-tools-for-stm32.7-2018-q2-update.win32_1.4.0.202007081208/tools/bin/../lib/gcc/arm-none-eabi/7.3.1/thumb/v7-m/crtend.o
 .eh_frame      0x0000000000000000        0x4 c:/st/stm32cubeide_1.4.0/stm32cubeide/plugins/com.st.stm32cube.ide.mcu.externaltools.gnu-tools-for-stm32.7-2018-q2-update.win32_1.4.0.202007081208/tools/bin/../lib/gcc/arm-none-eabi/7.3.1/thumb/v7-m/crtend.o
 .ARM.attributes
                0x0000000000000000       0x2d c:/st/stm32cubeide_1.4.0/stm32cubeide/plugins/com.st.stm32cube.ide.mcu.externaltools.gnu-tools-for-stm32.7-2018-q2-update.win32_1.4.0.202007081208/tools/bin/../lib/gcc/arm-none-eabi/7.3.1/thumb/v7-m/crtend.o
 .text          0x0000000000000000        0x0 c:/st/stm32cubeide_1.4.0/stm32cubeide/plugins/com.st.stm32cube.ide.mcu.externaltools.gnu-tools-for-stm32.7-2018-q2-update.win32_1.4.0.202007081208/tools/bin/../lib/gcc/arm-none-eabi/7.3.1/thumb/v7-m/crtn.o
 .data          0x0000000000000000        0x0 c:/st/stm32cubeide_1.4.0/stm32cubeide/plugins/com.st.stm32cube.ide.mcu.externaltools.gnu-tools-for-stm32.7-2018-q2-update.win32_1.4.0.202007081208/tools/bin/../lib/gcc/arm-none-eabi/7.3.1/thumb/v7-m/crtn.o
 .bss           0x0000000000000000        0x0 c:/st/stm32cubeide_1.4.0/stm32cubeide/plugins/com.st.stm32cube.ide.mcu.externaltools.gnu-tools-for-stm32.7-2018-q2-update.win32_1.4.0.202007081208/tools/bin/../lib/gcc/arm-none-eabi/7.3.1/thumb/v7-m/crtn.o

Memory Configuration

Name             Origin             Length             Attributes
RAM              0x0000000020000000 0x0000000000002800 xrw
ROM              0x0000000008000000 0x0000000000008000 xr
*default*        0x0000000000000000 0xffffffffffffffff

Linker script and memory map

LOAD c:/st/stm32cubeide_1.4.0/stm32cubeide/plugins/com.st.stm32cube.ide.mcu.externaltools.gnu-tools-for-stm32.7-2018-q2-update.win32_1.4.0.202007081208/tools/bin/../lib/gcc/arm-none-eabi/7.3.1/thumb/v7-m/crti.o
LOAD c:/st/stm32cubeide_1.4.0/stm32cubeide/plugins/com.st.stm32cube.ide.mcu.externaltools.gnu-tools-for-stm32.7-2018-q2-update.win32_1.4.0.202007081208/tools/bin/../lib/gcc/arm-none-eabi/7.3.1/thumb/v7-m/crtbegin.o
LOAD c:/st/stm32cubeide_1.4.0/stm32cubeide/plugins/com.st.stm32cube.ide.mcu.externaltools.gnu-tools-for-stm32.7-2018-q2-update.win32_1.4.0.202007081208/tools/bin/../lib/gcc/arm-none-eabi/7.3.1/../../../../arm-none-eabi/lib/thumb/v7-m/crt0.o
LOAD AUTOSAR_implementation/DoorLock_indication_SWC.o
LOAD AUTOSAR_implementation/DoorSensorAbstractionSWC.o
LOAD AUTOSAR_implementation/MCAL/DIO.o
LOAD AUTOSAR_implementation/RTE_gen/Rte_DoorLock_indication_SWC.o
LOAD AUTOSAR_implementation/RTE_gen/Rte_DoorSensorAbstractionSWC.o
LOAD Src/GPIO.o
LOAD Src/RCC.o
LOAD Src/main.o
LOAD Src/syscalls.o
LOAD Src/sysmem.o
LOAD Startup/startup_stm32f103c6tx.o
START GROUP
LOAD c:/st/stm32cubeide_1.4.0/stm32cubeide/plugins/com.st.stm32cube.ide.mcu.externaltools.gnu-tools-for-stm32.7-2018-q2-update.win32_1.4.0.202007081208/tools/bin/../lib/gcc/arm-none-eabi/7.3.1/../../../../arm-none-eabi/lib/thumb/v7-m\libc_nano.a
LOAD c:/st/stm32cubeide_1.4.0/stm32cubeide/plugins/com.st.stm32cube.ide.mcu.externaltools.gnu-tools-for-stm32.7-2018-q2-update.win32_1.4.0.202007081208/tools/bin/../lib/gcc/arm-none-eabi/7.3.1/../../../../arm-none-eabi/lib/thumb/v7-m\libm.a
END GROUP
START GROUP
LOAD c:/st/stm32cubeide_1.4.0/stm32cubeide/plugins/com.st.stm32cube.ide.mcu.externaltools.gnu-tools-for-stm32.7-2018-q2-update.win32_1.4.0.202007081208/tools/bin/../lib/gcc/arm-none-eabi/7.3.1/thumb/v7-m\libgcc.a
LOAD c:/st/stm32cubeide_1.4.0/stm32cubeide/plugins/com.st.stm32cube.ide.mcu.externaltools.gnu-tools-for-stm32.7-2018-q2-update.win32_1.4.0.202007081208/tools/bin/../lib/gcc/arm-none-eabi/7.3.1/../../../../arm-none-eabi/lib/thumb/v7-m\libg_nano.a
LOAD c:/st/stm32cubeide_1.4.0/stm32cubeide/plugins/com.st.stm32cube.ide.mcu.externaltools.gnu-tools-for-stm32.7-2018-q2-update.win32_1.4.0.202007081208/tools/bin/../lib/gcc/arm-none-eabi/7.3.1/../../../../arm-none-eabi/lib/thumb/v7-m\libc_nano.a
END GROUP
START GROUP
LOAD c:/st/stm32cubeide_1.4.0/stm32cubeide/plugins/com.st.stm32cube.ide.mcu.externaltools.gnu-tools-for-stm32.7-2018-q2-update.win32_1.4.0.202007081208/tools/bin/../lib/gcc/arm-none-eabi/7.3.1/thumb/v7-m\libgcc.a
LOAD c:/st/stm32cubeide_1.4.0/stm32cubeide/plugins/com.st.stm32cube.ide.mcu.externaltools.gnu-tools-for-stm32.7-2018-q2-update.win32_1.4.0.202007081208/tools/bin/../lib/gcc/arm-none-eabi/7.3.1/../../../../arm-none-eabi/lib/thumb/v7-m\libc_nano.a
LOAD c:/st/stm32cubeide_1.4.0/stm32cubeide/plugins/com.st.stm32cube.ide.mcu.externaltools.gnu-tools-for-stm32.7-2018-q2-update.win32_1.4.0.202007081208/tools/bin/../lib/gcc/arm-none-eabi/7.3.1/../../../../arm-none-eabi/lib/thumb/v7-m\libnosys.a
END GROUP
START GROUP
LOAD c:/st/stm32cubeide_1.4.0/stm32cubeide/plugins/com.st.stm32cube.ide.mcu.externaltools.gnu-tools-for-stm32.7-2018-q2-update.win32_1.4.0.202007081208/tools/bin/../lib/gcc/arm-none-eabi/7.3.1/thumb/v7-m\libgcc.a
LOAD c:/st/stm32cubeide_1.4.0/stm32cubeide/plugins/com.st.stm32cube.ide.mcu.externaltools.gnu-tools-for-stm32.7-2018-q2-update.win32_1.4.0.202007081208/tools/bin/../lib/gcc/arm-none-eabi/7.3.1/../../../../arm-none-eabi/lib/thumb/v7-m\libc_nano.a
LOAD c:/st/stm32cubeide_1.4.0/stm32cubeide/plugins/com.st.stm32cube.ide.mcu.externaltools.gnu-tools-for-stm32.7-2018-q2-update.win32_1.4.0.202007081208/tools/bin/../lib/gcc/arm-none-eabi/7.3.1/../../../../arm-none-eabi/lib/thumb/v7-m\libnosys.a
END GROUP
LOAD c:/st/stm32cubeide_1.4.0/stm32cubeide/plugins/com.st.stm32cube.ide.mcu.externaltools.gnu-tools-for-stm32.7-2018-q2-update.win32_1.4.0.202007081208/tools/bin/../lib/gcc/arm-none-eabi/7.3.1/thumb/v7-m/crtend.o
LOAD c:/st/stm32cubeide_1.4.0/stm32cubeide/plugins/com.st.stm32cube.ide.mcu.externaltools.gnu-tools-for-stm32.7-2018-q2-update.win32_1.4.0.202007081208/tools/bin/../lib/gcc/arm-none-eabi/7.3.1/thumb/v7-m/crtn.o
                0x0000000020002800                _estack = (ORIGIN (RAM) + LENGTH (RAM))
                0x0000000000000200                _Min_Heap_Size = 0x200
                0x0000000000000400                _Min_Stack_Size = 0x400

.isr_vector     0x0000000008000000      0x130
                0x0000000008000000                . = ALIGN (0x4)
 *(.isr_vector)
 .isr_vector    0x0000000008000000      0x130 Startup/startup_stm32f103c6tx.o
                0x0000000008000000                g_pfnVectors
                0x0000000008000130                . = ALIGN (0x4)

.text           0x0000000008000130      0x528
                0x0000000008000130                . = ALIGN (0x4)
 *(.text)
 .text          0x0000000008000130       0x40 c:/st/stm32cubeide_1.4.0/stm32cubeide/plugins/com.st.stm32cube.ide.mcu.externaltools.gnu-tools-for-stm32.7-2018-q2-update.win32_1.4.0.202007081208/tools/bin/../lib/gcc/arm-none-eabi/7.3.1/thumb/v7-m/crtbegin.o
 *(.text*)
 .text.DoorLock_indication_runnable
                0x0000000008000170       0x2e AUTOSAR_implementation/DoorLock_indication_SWC.o
                0x0000000008000170                DoorLock_indication_runnable
 .text.Led_Switch_runnable
                0x000000000800019e       0x3c AUTOSAR_implementation/DoorSensorAbstractionSWC.o
                0x000000000800019e                Led_Switch_runnable
 .text.ReadDoorSensor_runnable
                0x00000000080001da       0x24 AUTOSAR_implementation/DoorSensorAbstractionSWC.o
                0x00000000080001da                ReadDoorSensor_runnable
 *fill*         0x00000000080001fe        0x2 
 .text.DIO_ReadChannel
                0x0000000008000200       0x24 AUTOSAR_implementation/MCAL/DIO.o
                0x0000000008000200                DIO_ReadChannel
 .text.DIO_WriteChannel
                0x0000000008000224       0x2c AUTOSAR_implementation/MCAL/DIO.o
                0x0000000008000224                DIO_WriteChannel
 .text.Rte_IRead_DoorLock_indication_SWC_DoorLock_indication_RP_SR_DOORState_DoorState
                0x0000000008000250       0x18 AUTOSAR_implementation/RTE_gen/Rte_DoorLock_indication_SWC.o
                0x0000000008000250                Rte_IRead_DoorLock_indication_SWC_DoorLock_indication_RP_SR_DOORState_DoorState
 .text.Rte_Call_DoorLock_indication_SWC_RP_CS_LedSwitch_Led_switch
                0x0000000008000268       0x40 AUTOSAR_implementation/RTE_gen/Rte_DoorLock_indication_SWC.o
                0x0000000008000268                Rte_Call_DoorLock_indication_SWC_RP_CS_LedSwitch_Led_switch
 .text.Rte_IWrite_DoorSensorAbstractionSWC_ReadDoorSensor_PP_SRI_DoorState
                0x00000000080002a8       0x20 AUTOSAR_implementation/RTE_gen/Rte_DoorSensorAbstractionSWC.o
                0x00000000080002a8                Rte_IWrite_DoorSensorAbstractionSWC_ReadDoorSensor_PP_SRI_DoorState
 .text.get_CRLH_position
                0x00000000080002c8       0xc6 Src/GPIO.o
                0x00000000080002c8                get_CRLH_position
 .text.MCAL_GPIO_init
                0x000000000800038e       0xfe Src/GPIO.o
                0x000000000800038e                MCAL_GPIO_init
 .text.MCAL_GPIO_readPin
                0x000000000800048c       0x28 Src/GPIO.o
                0x000000000800048c                MCAL_GPIO_readPin
 .text.MCAL_GPIO_writePin
                0x00000000080004b4       0x2e Src/GPIO.o
                0x00000000080004b4                MCAL_GPIO_writePin
 *fill*         0x00000000080004e2        0x2 
 .text.wait_cycles
                0x00000000080004e4       0x2c Src/main.o
                0x00000000080004e4                wait_cycles
 .text.MCU_init
                0x0000000008000510       0x4c Src/main.o
                0x0000000008000510                MCU_init
 .text.StartOS  0x000000000800055c       0x3a Src/main.o
                0x000000000800055c                StartOS
 .text.main     0x0000000008000596        0xe Src/main.o
                0x0000000008000596                main
 .text.Reset_Handler
                0x00000000080005a4       0x50 Startup/startup_stm32f103c6tx.o
                0x00000000080005a4                Reset_Handler
 .text.Default_Handler
                0x00000000080005f4        0x2 Startup/startup_stm32f103c6tx.o
                0x00000000080005f4                EXTI2_IRQHandler
                0x00000000080005f4                TIM8_TRG_COM_IRQHandler
                0x00000000080005f4                TIM8_CC_IRQHandler
                0x00000000080005f4                DebugMon_Handler
                0x00000000080005f4                TIM1_CC_IRQHandler
                0x00000000080005f4                HardFault_Handler
                0x00000000080005f4                TIM6_IRQHandler
                0x00000000080005f4                SysTick_Handler
                0x00000000080005f4                PVD_IRQHandler
                0x00000000080005f4                SDIO_IRQHandler
                0x00000000080005f4                PendSV_Handler
                0x00000000080005f4                NMI_Handler
                0x00000000080005f4                EXTI3_IRQHandler
                0x00000000080005f4                USB_HP_CAN_TX_IRQHandler
                0x00000000080005f4                EXTI0_IRQHandler
                0x00000000080005f4                I2C2_EV_IRQHandler
                0x00000000080005f4                UsageFault_Handler
                0x00000000080005f4                ADC1_2_IRQHandler
                0x00000000080005f4                SPI1_IRQHandler
                0x00000000080005f4                CAN_SCE_IRQHandler
                0x00000000080005f4                TAMPER_IRQHandler
                0x00000000080005f4                TIM8_UP_IRQHandler
                0x00000000080005f4                DMA2_Channel2_IRQHandler
                0x00000000080005f4                DMA1_Channel4_IRQHandler
                0x00000000080005f4                USART3_IRQHandler
                0x00000000080005f4                RTC_IRQHandler
                0x00000000080005f4                DMA1_Channel7_IRQHandler
                0x00000000080005f4                UART5_IRQHandler
                0x00000000080005f4                ADC3_IRQHandler
                0x00000000080005f4                TIM4_IRQHandler
                0x00000000080005f4                CAN_RX1_IRQHandler
                0x00000000080005f4                DMA2_Channel1_IRQHandler
                0x00000000080005f4                I2C1_EV_IRQHandler
                0x00000000080005f4                DMA1_Channel6_IRQHandler
                0x00000000080005f4                UART4_IRQHandler
                0x00000000080005f4                TIM3_IRQHandler
                0x00000000080005f4                RCC_IRQHandler
                0x00000000080005f4                TIM1_TRG_COM_IRQHandler
                0x00000000080005f4                DMA1_Channel1_IRQHandler
                0x00000000080005f4                Default_Handler
                0x00000000080005f4                EXTI15_10_IRQHandler
                0x00000000080005f4                TIM7_IRQHandler
                0x00000000080005f4                TIM5_IRQHandler
                0x00000000080005f4                EXTI9_5_IRQHandler
                0x00000000080005f4                SPI2_IRQHandler
                0x00000000080005f4                USB_LP_CAN_RX0_IRQHandler
                0x00000000080005f4                MemManage_Handler
                0x00000000080005f4                SVC_Handler
                0x00000000080005f4                DMA1_Channel5_IRQHandler
                0x00000000080005f4                EXTI4_IRQHandler
                0x00000000080005f4                DMA1_Channel3_IRQHandler
                0x00000000080005f4                FSMC_IRQHandler
                0x00000000080005f4                TIM1_UP_IRQHandler
                0x00000000080005f4                WWDG_IRQHandler
                0x00000000080005f4                TIM2_IRQHandler
                0x00000000080005f4                TIM1_BRK_IRQHandler
                0x00000000080005f4                EXTI1_IRQHandler
                0x00000000080005f4                RTCAlarm_IRQHandler
                0x00000000080005f4                DMA2_Channel4_5_IRQHandler
                0x00000000080005f4                USART2_IRQHandler
                0x00000000080005f4                I2C2_ER_IRQHandler
                0x00000000080005f4                DMA1_Channel2_IRQHandler
                0x00000000080005f4                TIM8_BRK_IRQHandler
                0x00000000080005f4                FLASH_IRQHandler
                0x00000000080005f4                BusFault_Handler
                0x00000000080005f4                USART1_IRQHandler
                0x00000000080005f4                SPI3_IRQHandler
                0x00000000080005f4                I2C1_ER_IRQHandler
                0x00000000080005f4                DMA2_Channel3_IRQHandler
 *fill*         0x00000000080005f6        0x2 
 .text.__libc_init_array
                0x00000000080005f8       0x48 c:/st/stm32cubeide_1.4.0/stm32cubeide/plugins/com.st.stm32cube.ide.mcu.externaltools.gnu-tools-for-stm32.7-2018-q2-update.win32_1.4.0.202007081208/tools/bin/../lib/gcc/arm-none-eabi/7.3.1/../../../../arm-none-eabi/lib/thumb/v7-m\libc_nano.a(lib_a-init.o)
                0x00000000080005f8                __libc_init_array
 *(.glue_7)
 .glue_7        0x0000000008000640        0x0 linker stubs
 *(.glue_7t)
 .glue_7t       0x0000000008000640        0x0 linker stubs
 *(.eh_frame)
 .eh_frame      0x0000000008000640        0x0 c:/st/stm32cubeide_1.4.0/stm32cubeide/plugins/com.st.stm32cube.ide.mcu.externaltools.gnu-tools-for-stm32.7-2018-q2-update.win32_1.4.0.202007081208/tools/bin/../lib/gcc/arm-none-eabi/7.3.1/thumb/v7-m/crtbegin.o
 *(.init)
 .init          0x0000000008000640        0x4 c:/st/stm32cubeide_1.4.0/stm32cubeide/plugins/com.st.stm32cube.ide.mcu.externaltools.gnu-tools-for-stm32.7-2018-q2-update.win32_1.4.0.202007081208/tools/bin/../lib/gcc/arm-none-eabi/7.3.1/thumb/v7-m/crti.o
                0x0000000008000640                _init
 .init          0x0000000008000644        0x8 c:/st/stm32cubeide_1.4.0/stm32cubeide/plugins/com.st.stm32cube.ide.mcu.externaltools.gnu-tools-for-stm32.7-2018-q2-update.win32_1.4.0.202007081208/tools/bin/../lib/gcc/arm-none-eabi/7.3.1/thumb/v7-m/crtn.o
 *(.fini)
 .fini          0x000000000800064c        0x4 c:/st/stm32cubeide_1.4.0/stm32cubeide/plugins/com.st.stm32cube.ide.mcu.externaltools.gnu-tools-for-stm32.7-2018-q2-update.win32_1.4.0.202007081208/tools/bin/../lib/gcc/arm-none-eabi/7.3.1/thumb/v7-m/crti.o
                0x000000000800064c                _fini
 .fini          0x0000000008000650        0x8 c:/st/stm32cubeide_1.4.0/stm32cubeide/plugins/com.st.stm32cube.ide.mcu.externaltools.gnu-tools-for-stm32.7-2018-q2-update.win32_1.4.0.202007081208/tools/bin/../lib/gcc/arm-none-eabi/7.3.1/thumb/v7-m/crtn.o
                0x0000000008000658                . = ALIGN (0x4)
                0x0000000008000658                _etext = .

.vfp11_veneer   0x0000000008000658        0x0
 .vfp11_veneer  0x0000000008000658        0x0 linker stubs

.v4_bx          0x0000000008000658        0x0
 .v4_bx         0x0000000008000658        0x0 linker stubs

.iplt           0x0000000008000658        0x0
 .iplt          0x0000000008000658        0x0 c:/st/stm32cubeide_1.4.0/stm32cubeide/plugins/com.st.stm32cube.ide.mcu.externaltools.gnu-tools-for-stm32.7-2018-q2-update.win32_1.4.0.202007081208/tools/bin/../lib/gcc/arm-none-eabi/7.3.1/thumb/v7-m/crtbegin.o

.rodata         0x0000000008000658        0x8
                0x0000000008000658                . = ALIGN (0x4)
 *(.rodata)
 *(.rodata*)
 .rodata.Rte_Instance_DoorLock_indication_SWC
                0x0000000008000658        0x4 AUTOSAR_implementation/RTE_gen/Rte_DoorLock_indication_SWC.o
                0x0000000008000658                Rte_Instance_DoorLock_indication_SWC
 .rodata.Rte_Instance_DoorSensorAbstractionSWC
                0x000000000800065c        0x4 AUTOSAR_implementation/RTE_gen/Rte_DoorSensorAbstractionSWC.o
                0x000000000800065c                Rte_Instance_DoorSensorAbstractionSWC
                0x0000000008000660                . = ALIGN (0x4)

.rel.dyn        0x0000000008000660        0x0
 .rel.iplt      0x0000000008000660        0x0 c:/st/stm32cubeide_1.4.0/stm32cubeide/plugins/com.st.stm32cube.ide.mcu.externaltools.gnu-tools-for-stm32.7-2018-q2-update.win32_1.4.0.202007081208/tools/bin/../lib/gcc/arm-none-eabi/7.3.1/thumb/v7-m/crtbegin.o

.ARM.extab      0x0000000008000660        0x0
                0x0000000008000660                . = ALIGN (0x4)
 *(.ARM.extab* .gnu.linkonce.armextab.*)
                0x0000000008000660                . = ALIGN (0x4)

.ARM            0x0000000008000660        0x0
                0x0000000008000660                . = ALIGN (0x4)
                0x0000000008000660                __exidx_start = .
 *(.ARM.exidx*)
                0x0000000008000660                __exidx_end = .
                0x0000000008000660                . = ALIGN (0x4)

.preinit_array  0x0000000008000660        0x0
                0x0000000008000660                . = ALIGN (0x4)
                0x0000000008000660                PROVIDE (__preinit_array_start = .)
 *(.preinit_array*)
                0x0000000008000660                PROVIDE (__preinit_array_end = .)
                0x0000000008000660                . = ALIGN (0x4)

.init_array     0x0000000008000660        0x4
                0x0000000008000660                . = ALIGN (0x4)
                0x0000000008000660                PROVIDE (__init_array_start = .)
 *(SORT_BY_NAME(.init_array.*))
 *(.init_array*)
 .init_array    0x0000000008000660        0x4 c:/st/stm32cubeide_1.4.0/stm32cubeide/plugins/com.st.stm32cube.ide.mcu.externaltools.gnu-tools-for-stm32.7-2018-q2-update.win32_1.4.0.202007081208/tools/bin/../lib/gcc/arm-none-eabi/7.3.1/thumb/v7-m/crtbegin.o
                0x0000000008000664                PROVIDE (__init_array_end = .)
                0x0000000008000664                . = ALIGN (0x4)

.fini_array     0x0000000008000664        0x4
                0x0000000008000664                . = ALIGN (0x4)
                [!provide]                        PROVIDE (__fini_array_start = .)
 *(SORT_BY_NAME(.fini_array.*))
 *(.fini_array*)
 .fini_array    0x0000000008000664        0x4 c:/st/stm32cubeide_1.4.0/stm32cubeide/plugins/com.st.stm32cube.ide.mcu.externaltools.gnu-tools-for-stm32.7-2018-q2-update.win32_1.4.0.202007081208/tools/bin/../lib/gcc/arm-none-eabi/7.3.1/thumb/v7-m/crtbegin.o
                [!provide]                        PROVIDE (__fini_array_end = .)
                0x0000000008000668                . = ALIGN (0x4)
                0x0000000008000668                _sidata = LOADADDR (.data)

.data           0x0000000020000000        0x0 load address 0x0000000008000668
                0x0000000020000000                . = ALIGN (0x4)
                0x0000000020000000                _sdata = .
 *(.data)
 *(.data*)
                0x0000000020000000                . = ALIGN (0x4)
                0x0000000020000000                _edata = .

.igot.plt       0x0000000020000000        0x0 load address 0x0000000008000668
 .igot.plt      0x0000000020000000        0x0 c:/st/stm32cubeide_1.4.0/stm32cubeide/plugins/com.st.stm32cube.ide.mcu.externaltools.gnu-tools-for-stm32.7-2018-q2-update.win32_1.4.0.202007081208/tools/bin/../lib/gcc/arm-none-eabi/7.3.1/thumb/v7-m/crtbegin.o
                0x0000000020000000                . = ALIGN (0x4)

.bss            0x0000000020000000       0x2c load address 0x0000000008000668
                0x0000000020000000                _sbss = .
                0x0000000020000000                __bss_start__ = _sbss
 *(.bss)
 .bss           0x0000000020000000       0x1c c:/st/stm32cubeide_1.4.0/stm32cubeide/plugins/com.st.stm32cube.ide.mcu.externaltools.gnu-tools-for-stm32.7-2018-q2-update.win32_1.4.0.202007081208/tools/bin/../lib/gcc/arm-none-eabi/7.3.1/thumb/v7-m/crtbegin.o
 *(.bss*)
 .bss.DoorLock_indication_SWC_RP_CS_LedSwitch_Led_switch_Buffer_retcode
                0x000000002000001c        0x1 AUTOSAR_implementation/RTE_gen/Rte_DoorLock_indication_SWC.o
                0x000000002000001c                DoorLock_indication_SWC_RP_CS_LedSwitch_Led_switch_Buffer_retcode
 *fill*         0x000000002000001d        0x3 
 .bss.Rte_Call_DoorLock_indication_SWC_RP_CS_LedSwitch_Led_switch_Delegate
                0x0000000020000020        0x4 AUTOSAR_implementation/RTE_gen/Rte_DoorLock_indication_SWC.o
                0x0000000020000020                Rte_Call_DoorLock_indication_SWC_RP_CS_LedSwitch_Led_switch_Delegate
 *(COMMON)
 COMMON         0x0000000020000024        0x5 AUTOSAR_implementation/RTE_gen/Rte_DoorLock_indication_SWC.o
                0x0000000020000024                ReadDoorSensor_PP_SRI_DoorState
                0x0000000020000028                DoorLock_indication_RP_SR_DOORState_DoorState
                0x000000002000002c                . = ALIGN (0x4)
 *fill*         0x0000000020000029        0x3 
                0x000000002000002c                _ebss = .
                0x000000002000002c                __bss_end__ = _ebss

._user_heap_stack
                0x000000002000002c      0x604 load address 0x0000000008000668
                0x0000000020000030                . = ALIGN (0x8)
 *fill*         0x000000002000002c        0x4 
                [!provide]                        PROVIDE (end = .)
                0x0000000020000030                PROVIDE (_end = .)
                0x0000000020000230                . = (. + _Min_Heap_Size)
 *fill*         0x0000000020000030      0x200 
                0x0000000020000630                . = (. + _Min_Stack_Size)
 *fill*         0x0000000020000230      0x400 
                0x0000000020000630                . = ALIGN (0x8)

/DISCARD/
 libc.a(*)
 libm.a(*)
 libgcc.a(*)

.ARM.attributes
                0x0000000000000000       0x29
 *(.ARM.attributes)
 .ARM.attributes
                0x0000000000000000       0x1d c:/st/stm32cubeide_1.4.0/stm32cubeide/plugins/com.st.stm32cube.ide.mcu.externaltools.gnu-tools-for-stm32.7-2018-q2-update.win32_1.4.0.202007081208/tools/bin/../lib/gcc/arm-none-eabi/7.3.1/thumb/v7-m/crti.o
 .ARM.attributes
                0x000000000000001d       0x2d c:/st/stm32cubeide_1.4.0/stm32cubeide/plugins/com.st.stm32cube.ide.mcu.externaltools.gnu-tools-for-stm32.7-2018-q2-update.win32_1.4.0.202007081208/tools/bin/../lib/gcc/arm-none-eabi/7.3.1/thumb/v7-m/crtbegin.o
 .ARM.attributes
                0x000000000000004a       0x33 AUTOSAR_implementation/DoorLock_indication_SWC.o
 .ARM.attributes
                0x000000000000007d       0x33 AUTOSAR_implementation/DoorSensorAbstractionSWC.o
 .ARM.attributes
                0x00000000000000b0       0x33 AUTOSAR_implementation/MCAL/DIO.o
 .ARM.attributes
                0x00000000000000e3       0x33 AUTOSAR_implementation/RTE_gen/Rte_DoorLock_indication_SWC.o
 .ARM.attributes
                0x0000000000000116       0x33 AUTOSAR_implementation/RTE_gen/Rte_DoorSensorAbstractionSWC.o
 .ARM.attributes
                0x0000000000000149       0x33 Src/GPIO.o
 .ARM.attributes
                0x000000000000017c       0x33 Src/main.o
 .ARM.attributes
                0x00000000000001af       0x21 Startup/startup_stm32f103c6tx.o
 .ARM.attributes
                0x00000000000001d0       0x2d c:/st/stm32cubeide_1.4.0/stm32cubeide/plugins/com.st.stm32cube.ide.mcu.externaltools.gnu-tools-for-stm32.7-2018-q2-update.win32_1.4.0.202007081208/tools/bin/../lib/gcc/arm-none-eabi/7.3.1/../../../../arm-none-eabi/lib/thumb/v7-m\libc_nano.a(lib_a-init.o)
 .ARM.attributes
                0x00000000000001fd       0x1d c:/st/stm32cubeide_1.4.0/stm32cubeide/plugins/com.st.stm32cube.ide.mcu.externaltools.gnu-tools-for-stm32.7-2018-q2-update.win32_1.4.0.202007081208/tools/bin/../lib/gcc/arm-none-eabi/7.3.1/thumb/v7-m/crtn.o
OUTPUT(AUTOSAR_DoorLock_Project.elf elf32-littlearm)

.debug_info     0x0000000000000000     0x3c32
 .debug_info    0x0000000000000000      0x12b AUTOSAR_implementation/DoorLock_indication_SWC.o
 .debug_info    0x000000000000012b      0xa9d AUTOSAR_implementation/DoorSensorAbstractionSWC.o
 .debug_info    0x0000000000000bc8      0xa6d AUTOSAR_implementation/MCAL/DIO.o
 .debug_info    0x0000000000001635      0x21e AUTOSAR_implementation/RTE_gen/Rte_DoorLock_indication_SWC.o
 .debug_info    0x0000000000001853      0xa6d AUTOSAR_implementation/RTE_gen/Rte_DoorSensorAbstractionSWC.o
 .debug_info    0x00000000000022c0      0xd4f Src/GPIO.o
 .debug_info    0x000000000000300f      0xc01 Src/main.o
 .debug_info    0x0000000000003c10       0x22 Startup/startup_stm32f103c6tx.o

.debug_abbrev   0x0000000000000000      0xabe
 .debug_abbrev  0x0000000000000000       0xaf AUTOSAR_implementation/DoorLock_indication_SWC.o
 .debug_abbrev  0x00000000000000af      0x1a1 AUTOSAR_implementation/DoorSensorAbstractionSWC.o
 .debug_abbrev  0x0000000000000250      0x1a8 AUTOSAR_implementation/MCAL/DIO.o
 .debug_abbrev  0x00000000000003f8      0x122 AUTOSAR_implementation/RTE_gen/Rte_DoorLock_indication_SWC.o
 .debug_abbrev  0x000000000000051a      0x1ae AUTOSAR_implementation/RTE_gen/Rte_DoorSensorAbstractionSWC.o
 .debug_abbrev  0x00000000000006c8      0x1ed Src/GPIO.o
 .debug_abbrev  0x00000000000008b5      0x1f7 Src/main.o
 .debug_abbrev  0x0000000000000aac       0x12 Startup/startup_stm32f103c6tx.o

.debug_loc      0x0000000000000000      0x704
 .debug_loc     0x0000000000000000       0x50 AUTOSAR_implementation/DoorLock_indication_SWC.o
 .debug_loc     0x0000000000000050       0xa0 AUTOSAR_implementation/DoorSensorAbstractionSWC.o
 .debug_loc     0x00000000000000f0       0xa0 AUTOSAR_implementation/MCAL/DIO.o
 .debug_loc     0x0000000000000190       0x94 AUTOSAR_implementation/RTE_gen/Rte_DoorLock_indication_SWC.o
 .debug_loc     0x0000000000000224       0xa0 AUTOSAR_implementation/RTE_gen/Rte_DoorSensorAbstractionSWC.o
 .debug_loc     0x00000000000002c4      0x330 Src/GPIO.o
 .debug_loc     0x00000000000005f4      0x110 Src/main.o

.debug_aranges  0x0000000000000000      0x180
 .debug_aranges
                0x0000000000000000       0x20 AUTOSAR_implementation/DoorLock_indication_SWC.o
 .debug_aranges
                0x0000000000000020       0x28 AUTOSAR_implementation/DoorSensorAbstractionSWC.o
 .debug_aranges
                0x0000000000000048       0x28 AUTOSAR_implementation/MCAL/DIO.o
 .debug_aranges
                0x0000000000000070       0x28 AUTOSAR_implementation/RTE_gen/Rte_DoorLock_indication_SWC.o
 .debug_aranges
                0x0000000000000098       0x28 AUTOSAR_implementation/RTE_gen/Rte_DoorSensorAbstractionSWC.o
 .debug_aranges
                0x00000000000000c0       0x60 Src/GPIO.o
 .debug_aranges
                0x0000000000000120       0x38 Src/main.o
 .debug_aranges
                0x0000000000000158       0x28 Startup/startup_stm32f103c6tx.o

.debug_ranges   0x0000000000000000      0x108
 .debug_ranges  0x0000000000000000       0x10 AUTOSAR_implementation/DoorLock_indication_SWC.o
 .debug_ranges  0x0000000000000010       0x18 AUTOSAR_implementation/DoorSensorAbstractionSWC.o
 .debug_ranges  0x0000000000000028       0x18 AUTOSAR_implementation/MCAL/DIO.o
 .debug_ranges  0x0000000000000040       0x18 AUTOSAR_implementation/RTE_gen/Rte_DoorLock_indication_SWC.o
 .debug_ranges  0x0000000000000058       0x18 AUTOSAR_implementation/RTE_gen/Rte_DoorSensorAbstractionSWC.o
 .debug_ranges  0x0000000000000070       0x50 Src/GPIO.o
 .debug_ranges  0x00000000000000c0       0x28 Src/main.o
 .debug_ranges  0x00000000000000e8       0x20 Startup/startup_stm32f103c6tx.o

.debug_macro    0x0000000000000000     0x2c57
 .debug_macro   0x0000000000000000       0xd7 AUTOSAR_implementation/DoorLock_indication_SWC.o
 .debug_macro   0x00000000000000d7      0xa60 AUTOSAR_implementation/DoorLock_indication_SWC.o
 .debug_macro   0x0000000000000b37       0x22 AUTOSAR_implementation/DoorLock_indication_SWC.o
 .debug_macro   0x0000000000000b59       0x22 AUTOSAR_implementation/DoorLock_indication_SWC.o
 .debug_macro   0x0000000000000b7b       0x8e AUTOSAR_implementation/DoorLock_indication_SWC.o
 .debug_macro   0x0000000000000c09       0x51 AUTOSAR_implementation/DoorLock_indication_SWC.o
 .debug_macro   0x0000000000000c5a       0xef AUTOSAR_implementation/DoorLock_indication_SWC.o
 .debug_macro   0x0000000000000d49       0x6a AUTOSAR_implementation/DoorLock_indication_SWC.o
 .debug_macro   0x0000000000000db3      0x1df AUTOSAR_implementation/DoorLock_indication_SWC.o
 .debug_macro   0x0000000000000f92       0x22 AUTOSAR_implementation/DoorLock_indication_SWC.o
 .debug_macro   0x0000000000000fb4       0x82 AUTOSAR_implementation/DoorLock_indication_SWC.o
 .debug_macro   0x0000000000001036       0x40 AUTOSAR_implementation/DoorLock_indication_SWC.o
 .debug_macro   0x0000000000001076       0x10 AUTOSAR_implementation/DoorLock_indication_SWC.o
 .debug_macro   0x0000000000001086       0x1c AUTOSAR_implementation/DoorLock_indication_SWC.o
 .debug_macro   0x00000000000010a2      0x1c8 AUTOSAR_implementation/DoorSensorAbstractionSWC.o
 .debug_macro   0x000000000000126a       0x10 AUTOSAR_implementation/DoorSensorAbstractionSWC.o
 .debug_macro   0x000000000000127a       0x1c AUTOSAR_implementation/DoorSensorAbstractionSWC.o
 .debug_macro   0x0000000000001296       0x18 AUTOSAR_implementation/DoorSensorAbstractionSWC.o
 .debug_macro   0x00000000000012ae       0x46 AUTOSAR_implementation/DoorSensorAbstractionSWC.o
 .debug_macro   0x00000000000012f4       0x3c AUTOSAR_implementation/DoorSensorAbstractionSWC.o
 .debug_macro   0x0000000000001330       0x34 AUTOSAR_implementation/DoorSensorAbstractionSWC.o
 .debug_macro   0x0000000000001364       0x16 AUTOSAR_implementation/DoorSensorAbstractionSWC.o
 .debug_macro   0x000000000000137a      0x10e AUTOSAR_implementation/DoorSensorAbstractionSWC.o
 .debug_macro   0x0000000000001488       0x8d AUTOSAR_implementation/DoorSensorAbstractionSWC.o
 .debug_macro   0x0000000000001515       0x52 AUTOSAR_implementation/DoorSensorAbstractionSWC.o
 .debug_macro   0x0000000000001567       0x1f AUTOSAR_implementation/DoorSensorAbstractionSWC.o
 .debug_macro   0x0000000000001586       0x43 AUTOSAR_implementation/DoorSensorAbstractionSWC.o
 .debug_macro   0x00000000000015c9       0x20 AUTOSAR_implementation/DoorSensorAbstractionSWC.o
 .debug_macro   0x00000000000015e9      0x1a3 AUTOSAR_implementation/DoorSensorAbstractionSWC.o
 .debug_macro   0x000000000000178c      0x330 AUTOSAR_implementation/DoorSensorAbstractionSWC.o
 .debug_macro   0x0000000000001abc       0x16 AUTOSAR_implementation/DoorSensorAbstractionSWC.o
 .debug_macro   0x0000000000001ad2       0x29 AUTOSAR_implementation/DoorSensorAbstractionSWC.o
 .debug_macro   0x0000000000001afb      0x6be AUTOSAR_implementation/DoorSensorAbstractionSWC.o
 .debug_macro   0x00000000000021b9       0xd0 AUTOSAR_implementation/DoorSensorAbstractionSWC.o
 .debug_macro   0x0000000000002289       0x16 AUTOSAR_implementation/DoorSensorAbstractionSWC.o
 .debug_macro   0x000000000000229f      0x14e AUTOSAR_implementation/MCAL/DIO.o
 .debug_macro   0x00000000000023ed       0x40 AUTOSAR_implementation/MCAL/DIO.o
 .debug_macro   0x000000000000242d       0x94 AUTOSAR_implementation/MCAL/DIO.o
 .debug_macro   0x00000000000024c1       0x57 AUTOSAR_implementation/MCAL/DIO.o
 .debug_macro   0x0000000000002518       0xcb AUTOSAR_implementation/RTE_gen/Rte_DoorLock_indication_SWC.o
 .debug_macro   0x00000000000025e3      0x18b AUTOSAR_implementation/RTE_gen/Rte_DoorSensorAbstractionSWC.o
 .debug_macro   0x000000000000276e      0x174 AUTOSAR_implementation/RTE_gen/Rte_DoorSensorAbstractionSWC.o
 .debug_macro   0x00000000000028e2       0x10 AUTOSAR_implementation/RTE_gen/Rte_DoorSensorAbstractionSWC.o
 .debug_macro   0x00000000000028f2       0x35 AUTOSAR_implementation/RTE_gen/Rte_DoorSensorAbstractionSWC.o
 .debug_macro   0x0000000000002927       0x20 AUTOSAR_implementation/RTE_gen/Rte_DoorSensorAbstractionSWC.o
 .debug_macro   0x0000000000002947       0x7c AUTOSAR_implementation/RTE_gen/Rte_DoorSensorAbstractionSWC.o
 .debug_macro   0x00000000000029c3      0x13f Src/GPIO.o
 .debug_macro   0x0000000000002b02      0x155 Src/main.o

.debug_line     0x0000000000000000     0x2848
 .debug_line    0x0000000000000000      0x52d AUTOSAR_implementation/DoorLock_indication_SWC.o
 .debug_line    0x000000000000052d      0x72c AUTOSAR_implementation/DoorSensorAbstractionSWC.o
 .debug_line    0x0000000000000c59      0x523 AUTOSAR_implementation/MCAL/DIO.o
 .debug_line    0x000000000000117c      0x4d7 AUTOSAR_implementation/RTE_gen/Rte_DoorLock_indication_SWC.o
 .debug_line    0x0000000000001653      0x636 AUTOSAR_implementation/RTE_gen/Rte_DoorSensorAbstractionSWC.o
 .debug_line    0x0000000000001c89      0x5fd Src/GPIO.o
 .debug_line    0x0000000000002286      0x53e Src/main.o
 .debug_line    0x00000000000027c4       0x84 Startup/startup_stm32f103c6tx.o

.debug_str      0x0000000000000000     0xa300
 .debug_str     0x0000000000000000     0x42e6 AUTOSAR_implementation/DoorLock_indication_SWC.o
                                       0x44a0 (size before relaxing)
 .debug_str     0x00000000000042e6     0x5aa3 AUTOSAR_implementation/DoorSensorAbstractionSWC.o
                                       0x9e66 (size before relaxing)
 .debug_str     0x0000000000009d89       0x6e AUTOSAR_implementation/MCAL/DIO.o
                                       0x95dc (size before relaxing)
 .debug_str     0x0000000000009df7      0x1c0 AUTOSAR_implementation/RTE_gen/Rte_DoorLock_indication_SWC.o
                                       0x4658 (size before relaxing)
 .debug_str     0x0000000000009fb7      0x167 AUTOSAR_implementation/RTE_gen/Rte_DoorSensorAbstractionSWC.o
                                       0x77e4 (size before relaxing)
 .debug_str     0x000000000000a11e      0x15c Src/GPIO.o
                                       0x96da (size before relaxing)
 .debug_str     0x000000000000a27a       0x55 Src/main.o
                                       0x9691 (size before relaxing)
 .debug_str     0x000000000000a2cf       0x31 Startup/startup_stm32f103c6tx.o
                                         0x88 (size before relaxing)

.comment        0x0000000000000000       0x7b
 .comment       0x0000000000000000       0x7b AUTOSAR_implementation/DoorLock_indication_SWC.o
                                         0x7c (size before relaxing)
 .comment       0x000000000000007b       0x7c AUTOSAR_implementation/DoorSensorAbstractionSWC.o
 .comment       0x000000000000007b       0x7c AUTOSAR_implementation/MCAL/DIO.o
 .comment       0x000000000000007b       0x7c AUTOSAR_implementation/RTE_gen/Rte_DoorLock_indication_SWC.o
 .comment       0x000000000000007b       0x7c AUTOSAR_implementation/RTE_gen/Rte_DoorSensorAbstractionSWC.o
 .comment       0x000000000000007b       0x7c Src/GPIO.o
 .comment       0x000000000000007b       0x7c Src/main.o

.debug_frame    0x0000000000000000      0x3cc
 .debug_frame   0x0000000000000000       0x34 AUTOSAR_implementation/DoorLock_indication_SWC.o
 .debug_frame   0x0000000000000034       0x58 AUTOSAR_implementation/DoorSensorAbstractionSWC.o
 .debug_frame   0x000000000000008c       0x58 AUTOSAR_implementation/MCAL/DIO.o
 .debug_frame   0x00000000000000e4       0x54 AUTOSAR_implementation/RTE_gen/Rte_DoorLock_indication_SWC.o
 .debug_frame   0x0000000000000138       0x58 AUTOSAR_implementation/RTE_gen/Rte_DoorSensorAbstractionSWC.o
 .debug_frame   0x0000000000000190      0x178 Src/GPIO.o
 .debug_frame   0x0000000000000308       0x98 Src/main.o
 .debug_frame   0x00000000000003a0       0x2c c:/st/stm32cubeide_1.4.0/stm32cubeide/plugins/com.st.stm32cube.ide.mcu.externaltools.gnu-tools-for-stm32.7-2018-q2-update.win32_1.4.0.202007081208/tools/bin/../lib/gcc/arm-none-eabi/7.3.1/../../../../arm-none-eabi/lib/thumb/v7-m\libc_nano.a(lib_a-init.o)
