
Allocating common symbols
Common symbol       size              file

AL_state_id         0x1               app.o
CP_state            0x4               app.o
CP_state_id         0x1               app.o
AL_state            0x4               app.o
PS_state            0x4               app.o
PS_state_id         0x1               app.o

Memory Configuration

Name             Origin             Length             Attributes
flash            0x08000000         0x00020000         xr
ram              0x20000000         0x00005000         xrw
*default*        0x00000000         0xffffffff

Linker script and memory map


.text           0x08000000      0x3d0
 *(.vectors)
 .vectors       0x08000000       0x10 startup.o
                0x08000000                g_p_fn_Vectors
 *(.text)
 .text          0x08000010       0xbc startup.o
                0x08000010                Hfault_handler
                0x08000010                Default_handler
                0x08000010                NMI_handler
                0x0800001c                Reset_handler
 .text          0x080000cc      0x10c GPIO.o
                0x080000cc                Delay
                0x080000f0                getPressureVal
                0x08000108                Set_Alarm_actuator
                0x08000158                GPIO_INITIALIZATION
 .text          0x080001d8       0x54 app.o
                0x080001d8                setup
                0x080001fc                main
 .text          0x0800022c       0x8c Alarm.o
                0x0800022c                start_timer
                0x08000248                stop_timer
                0x08000264                AL_init
                0x08000280                ST_Alarm_OFF
                0x0800029c                ST_Alarm_ON
 .text          0x080002b8       0x98 CheckPval.o
                0x080002b8                read_pval
                0x08000314                ST_CP_Checking
                0x0800032c                ST_CP_Waiting
 .text          0x08000350       0x80 PSensor.o
                0x08000350                PS_init
                0x0800036c                ST_PS_Reading
                0x080003a4                ST_PS_Sending
                0x080003d0                _E_text = .

.glue_7         0x080003d0        0x0
 .glue_7        0x00000000        0x0 linker stubs

.glue_7t        0x080003d0        0x0
 .glue_7t       0x00000000        0x0 linker stubs

.vfp11_veneer   0x080003d0        0x0
 .vfp11_veneer  0x00000000        0x0 linker stubs

.v4_bx          0x080003d0        0x0
 .v4_bx         0x00000000        0x0 linker stubs

.iplt           0x080003d0        0x0
 .iplt          0x00000000        0x0 startup.o

.rel.dyn        0x080003d0        0x0
 .rel.iplt      0x00000000        0x0 startup.o

.data           0x20000000        0x4 load address 0x080003d0
                0x20000000                _S_DATA = .
 *(.data)
 .data          0x20000000        0x0 startup.o
 .data          0x20000000        0x0 GPIO.o
 .data          0x20000000        0x0 app.o
 .data          0x20000000        0x0 Alarm.o
 .data          0x20000000        0x4 CheckPval.o
                0x20000000                threshold
 .data          0x20000004        0x0 PSensor.o
                0x20000004                . = ALIGN (0x4)
                0x20000004                _E_DATA = .

.igot.plt       0x20000004        0x0 load address 0x080003d4
 .igot.plt      0x00000000        0x0 startup.o

.bss            0x20000004      0x41d load address 0x080003d4
                0x20000004                _S_bss = .
 *(.bss)
 .bss           0x20000004      0x400 startup.o
 .bss           0x20000404        0x0 GPIO.o
 .bss           0x20000404        0x0 app.o
 .bss           0x20000404        0x0 Alarm.o
 .bss           0x20000404        0x4 CheckPval.o
                0x20000404                cpval
 .bss           0x20000408        0x4 PSensor.o
                0x20000408                pval
                0x2000040c                . = ALIGN (0x4)
                0x2000040c                _E_bss = .
 COMMON         0x2000040c       0x15 app.o
                0x2000040c                AL_state_id
                0x20000410                CP_state
                0x20000414                CP_state_id
                0x20000418                AL_state
                0x2000041c                PS_state
                0x20000420                PS_state_id
LOAD startup.o
LOAD GPIO.o
LOAD app.o
LOAD Alarm.o
LOAD CheckPval.o
LOAD PSensor.o
OUTPUT(Pressure_Controller.elf elf32-littlearm)

.debug_info     0x00000000      0x752
 .debug_info    0x00000000      0x182 startup.o
 .debug_info    0x00000182      0x103 GPIO.o
 .debug_info    0x00000285      0x15c app.o
 .debug_info    0x000003e1      0x129 Alarm.o
 .debug_info    0x0000050a      0x137 CheckPval.o
 .debug_info    0x00000641      0x111 PSensor.o

.debug_abbrev   0x00000000      0x3be
 .debug_abbrev  0x00000000       0xc6 startup.o
 .debug_abbrev  0x000000c6       0x9d GPIO.o
 .debug_abbrev  0x00000163       0x7c app.o
 .debug_abbrev  0x000001df       0x92 Alarm.o
 .debug_abbrev  0x00000271       0xbb CheckPval.o
 .debug_abbrev  0x0000032c       0x92 PSensor.o

.debug_loc      0x00000000      0x374
 .debug_loc     0x00000000       0x64 startup.o
 .debug_loc     0x00000064       0xc8 GPIO.o
 .debug_loc     0x0000012c       0x58 app.o
 .debug_loc     0x00000184       0xdc Alarm.o
 .debug_loc     0x00000260       0x90 CheckPval.o
 .debug_loc     0x000002f0       0x84 PSensor.o

.debug_aranges  0x00000000       0xc0
 .debug_aranges
                0x00000000       0x20 startup.o
 .debug_aranges
                0x00000020       0x20 GPIO.o
 .debug_aranges
                0x00000040       0x20 app.o
 .debug_aranges
                0x00000060       0x20 Alarm.o
 .debug_aranges
                0x00000080       0x20 CheckPval.o
 .debug_aranges
                0x000000a0       0x20 PSensor.o

.debug_line     0x00000000      0x272
 .debug_line    0x00000000       0x67 startup.o
 .debug_line    0x00000067       0x97 GPIO.o
 .debug_line    0x000000fe       0x75 app.o
 .debug_line    0x00000173       0x50 Alarm.o
 .debug_line    0x000001c3       0x60 CheckPval.o
 .debug_line    0x00000223       0x4f PSensor.o

.debug_str      0x00000000      0x28b
 .debug_str     0x00000000      0x137 startup.o
                                0x16b (size before relaxing)
 .debug_str     0x00000137       0x53 GPIO.o
                                0x13d (size before relaxing)
 .debug_str     0x0000018a       0x50 app.o
                                0x17a (size before relaxing)
 .debug_str     0x000001da       0x40 Alarm.o
                                0x152 (size before relaxing)
 .debug_str     0x0000021a       0x43 CheckPval.o
                                0x15e (size before relaxing)
 .debug_str     0x0000025d       0x2e PSensor.o
                                0x148 (size before relaxing)

.comment        0x00000000       0x11
 .comment       0x00000000       0x11 startup.o
                                 0x12 (size before relaxing)
 .comment       0x00000000       0x12 GPIO.o
 .comment       0x00000000       0x12 app.o
 .comment       0x00000000       0x12 Alarm.o
 .comment       0x00000000       0x12 CheckPval.o
 .comment       0x00000000       0x12 PSensor.o

.ARM.attributes
                0x00000000       0x33
 .ARM.attributes
                0x00000000       0x33 startup.o
 .ARM.attributes
                0x00000033       0x33 GPIO.o
 .ARM.attributes
                0x00000066       0x33 app.o
 .ARM.attributes
                0x00000099       0x33 Alarm.o
 .ARM.attributes
                0x000000cc       0x33 CheckPval.o
 .ARM.attributes
                0x000000ff       0x33 PSensor.o

.debug_frame    0x00000000      0x258
 .debug_frame   0x00000000       0x4c startup.o
 .debug_frame   0x0000004c       0x78 GPIO.o
 .debug_frame   0x000000c4       0x48 app.o
 .debug_frame   0x0000010c       0x90 Alarm.o
 .debug_frame   0x0000019c       0x60 CheckPval.o
 .debug_frame   0x000001fc       0x5c PSensor.o
