
Memory Configuration

Name             Origin             Length             Attributes
flash            0x08000000         0x00020000         xr
ram              0x20000000         0x00005000         xrw
*default*        0x00000000         0xffffffff

Linker script and memory map


.text           0x08000000      0x18c
 *(.vectors)
 .vectors       0x08000000       0x1c startup.o
                0x08000000                vectors
 *(.text)
 .text          0x0800001c       0xbc startup.o
                0x0800001c                UF_handler
                0x0800001c                Default_handler
                0x0800001c                MMF_handler
                0x0800001c                BF_handler
                0x0800001c                HF_handler
                0x0800001c                NMI_handler
                0x08000028                Reset_handler
 .text          0x080000d8       0xb4 app.o
                0x080000d8                main
                0x0800018c                _E_text = .

.glue_7         0x0800018c        0x0
 .glue_7        0x00000000        0x0 linker stubs

.glue_7t        0x0800018c        0x0
 .glue_7t       0x00000000        0x0 linker stubs

.vfp11_veneer   0x0800018c        0x0
 .vfp11_veneer  0x00000000        0x0 linker stubs

.v4_bx          0x0800018c        0x0
 .v4_bx         0x00000000        0x0 linker stubs

.iplt           0x0800018c        0x0
 .iplt          0x00000000        0x0 startup.o

.rel.dyn        0x0800018c        0x0
 .rel.iplt      0x00000000        0x0 startup.o

.data           0x20000000        0x0 load address 0x0800018c
                0x20000000                _S_data = .
 *(.data)
 .data          0x20000000        0x0 startup.o
 .data          0x20000000        0x0 app.o
                0x20000000                _E_data = .

.igot.plt       0x20000000        0x0 load address 0x0800018c
 .igot.plt      0x00000000        0x0 startup.o

.bss            0x20000000        0x0 load address 0x0800018c
                0x20000000                _S_bss = .
 *(.bss)
 .bss           0x20000000        0x0 startup.o
 .bss           0x20000000        0x0 app.o
                0x20000000                . = ALIGN (0x4)
                0x20000000                _E_bss = .
                0x200003e8                . = (. + 0x3e8)
                0x200003e8                stack_top = .
LOAD startup.o
LOAD app.o
OUTPUT(learn-in-depth.elf elf32-littlearm)

.debug_info     0x00000000      0x210
 .debug_info    0x00000000      0x168 startup.o
 .debug_info    0x00000168       0xa8 app.o

.debug_abbrev   0x00000000      0x12e
 .debug_abbrev  0x00000000       0xc2 startup.o
 .debug_abbrev  0x000000c2       0x6c app.o

.debug_loc      0x00000000       0x9c
 .debug_loc     0x00000000       0x64 startup.o
 .debug_loc     0x00000064       0x38 app.o

.debug_aranges  0x00000000       0x40
 .debug_aranges
                0x00000000       0x20 startup.o
 .debug_aranges
                0x00000020       0x20 app.o

.debug_line     0x00000000      0x108
 .debug_line    0x00000000       0xac startup.o
 .debug_line    0x000000ac       0x5c app.o

.debug_str      0x00000000      0x134
 .debug_str     0x00000000      0x121 startup.o
                                0x155 (size before relaxing)
 .debug_str     0x00000121       0x13 app.o
                                 0xd7 (size before relaxing)

.comment        0x00000000       0x11
 .comment       0x00000000       0x11 startup.o
                                 0x12 (size before relaxing)
 .comment       0x00000000       0x12 app.o

.ARM.attributes
                0x00000000       0x33
 .ARM.attributes
                0x00000000       0x33 startup.o
 .ARM.attributes
                0x00000033       0x33 app.o

.debug_frame    0x00000000       0x78
 .debug_frame   0x00000000       0x4c startup.o
 .debug_frame   0x0000004c       0x2c app.o
